Component: Arm Compiler for Embedded 6.18 Tool: armlink [5e4cc100]

==============================================================================

Section Cross References

    startup_stm32f031x6.o(RESET) refers to startup_stm32f031x6.o(STACK) for __initial_sp
    startup_stm32f031x6.o(RESET) refers to startup_stm32f031x6.o(.text) for Reset_Handler
    startup_stm32f031x6.o(RESET) refers to stm32f0xx_it.o(.text.NMI_Handler) for NMI_Handler
    startup_stm32f031x6.o(RESET) refers to stm32f0xx_it.o(.text.HardFault_Handler) for HardFault_Handler
    startup_stm32f031x6.o(RESET) refers to stm32f0xx_it.o(.text.SVC_Handler) for SVC_Handler
    startup_stm32f031x6.o(RESET) refers to stm32f0xx_it.o(.text.PendSV_Handler) for PendSV_Handler
    startup_stm32f031x6.o(RESET) refers to stm32f0xx_it.o(.text.SysTick_Handler) for SysTick_Handler
    startup_stm32f031x6.o(RESET) refers to stm32f0xx_it.o(.text.DMA1_Channel2_3_IRQHandler) for DMA1_Channel2_3_IRQHandler
    startup_stm32f031x6.o(RESET) refers to stm32f0xx_it.o(.text.TIM16_IRQHandler) for TIM16_IRQHandler
    startup_stm32f031x6.o(RESET) refers to stm32f0xx_it.o(.text.USART1_IRQHandler) for USART1_IRQHandler
    startup_stm32f031x6.o(.text) refers to system_stm32f0xx.o(.text.SystemInit) for SystemInit
    startup_stm32f031x6.o(.text) refers to entry.o(.ARM.Collect$$$$00000000) for __main
    dac_driver.o(.text.DAC_INIT) refers to stm32f0xx_hal_gpio.o(.text.HAL_GPIO_WritePin) for HAL_GPIO_WritePin
    dac_driver.o(.text.DAC_INIT) refers to stm32f0xx_hal_spi.o(.text.HAL_SPI_Transmit) for HAL_SPI_Transmit
    dac_driver.o(.text.DAC_INIT) refers to stm32f0xx_hal.o(.text.HAL_Delay) for HAL_Delay
    dac_driver.o(.text.DAC_INIT) refers to spi.o(.bss.hspi1) for hspi1
    dac_driver.o(.ARM.exidx.text.DAC_INIT) refers to dac_driver.o(.text.DAC_INIT) for [Anonymous Symbol]
    dac_driver.o(.text.DAC_SOFT_RESET) refers to stm32f0xx_hal_gpio.o(.text.HAL_GPIO_WritePin) for HAL_GPIO_WritePin
    dac_driver.o(.text.DAC_SOFT_RESET) refers to stm32f0xx_hal_spi.o(.text.HAL_SPI_Transmit) for HAL_SPI_Transmit
    dac_driver.o(.text.DAC_SOFT_RESET) refers to spi.o(.bss.hspi1) for hspi1
    dac_driver.o(.ARM.exidx.text.DAC_SOFT_RESET) refers to dac_driver.o(.text.DAC_SOFT_RESET) for [Anonymous Symbol]
    dac_driver.o(.text.DAC8563_PWR_SET) refers to stm32f0xx_hal_gpio.o(.text.HAL_GPIO_WritePin) for HAL_GPIO_WritePin
    dac_driver.o(.text.DAC8563_PWR_SET) refers to stm32f0xx_hal_spi.o(.text.HAL_SPI_Transmit) for HAL_SPI_Transmit
    dac_driver.o(.text.DAC8563_PWR_SET) refers to spi.o(.bss.hspi1) for hspi1
    dac_driver.o(.ARM.exidx.text.DAC8563_PWR_SET) refers to dac_driver.o(.text.DAC8563_PWR_SET) for [Anonymous Symbol]
    dac_driver.o(.text.DAC8563_REF_SET) refers to stm32f0xx_hal_gpio.o(.text.HAL_GPIO_WritePin) for HAL_GPIO_WritePin
    dac_driver.o(.text.DAC8563_REF_SET) refers to stm32f0xx_hal_spi.o(.text.HAL_SPI_Transmit) for HAL_SPI_Transmit
    dac_driver.o(.text.DAC8563_REF_SET) refers to spi.o(.bss.hspi1) for hspi1
    dac_driver.o(.ARM.exidx.text.DAC8563_REF_SET) refers to dac_driver.o(.text.DAC8563_REF_SET) for [Anonymous Symbol]
    dac_driver.o(.text.DAC8563_GAIN_SET) refers to stm32f0xx_hal_gpio.o(.text.HAL_GPIO_WritePin) for HAL_GPIO_WritePin
    dac_driver.o(.text.DAC8563_GAIN_SET) refers to stm32f0xx_hal_spi.o(.text.HAL_SPI_Transmit) for HAL_SPI_Transmit
    dac_driver.o(.text.DAC8563_GAIN_SET) refers to spi.o(.bss.hspi1) for hspi1
    dac_driver.o(.ARM.exidx.text.DAC8563_GAIN_SET) refers to dac_driver.o(.text.DAC8563_GAIN_SET) for [Anonymous Symbol]
    dac_driver.o(.text.DAC8563_WR_REG_UD_ALL) refers to stm32f0xx_hal_gpio.o(.text.HAL_GPIO_WritePin) for HAL_GPIO_WritePin
    dac_driver.o(.text.DAC8563_WR_REG_UD_ALL) refers to stm32f0xx_hal_spi.o(.text.HAL_SPI_Transmit) for HAL_SPI_Transmit
    dac_driver.o(.text.DAC8563_WR_REG_UD_ALL) refers to spi.o(.bss.hspi1) for hspi1
    dac_driver.o(.ARM.exidx.text.DAC8563_WR_REG_UD_ALL) refers to dac_driver.o(.text.DAC8563_WR_REG_UD_ALL) for [Anonymous Symbol]
    dac_driver.o(.text.DAC_Set_Voltage) refers to stm32f0xx_hal_gpio.o(.text.HAL_GPIO_WritePin) for HAL_GPIO_WritePin
    dac_driver.o(.text.DAC_Set_Voltage) refers to stm32f0xx_hal_spi.o(.text.HAL_SPI_Transmit) for HAL_SPI_Transmit
    dac_driver.o(.text.DAC_Set_Voltage) refers to spi.o(.bss.hspi1) for hspi1
    dac_driver.o(.ARM.exidx.text.DAC_Set_Voltage) refers to dac_driver.o(.text.DAC_Set_Voltage) for [Anonymous Symbol]
    dac_driver.o(.text.SET_SYNC_MODE) refers to stm32f0xx_hal_gpio.o(.text.HAL_GPIO_WritePin) for HAL_GPIO_WritePin
    dac_driver.o(.text.SET_SYNC_MODE) refers to stm32f0xx_hal_spi.o(.text.HAL_SPI_Transmit) for HAL_SPI_Transmit
    dac_driver.o(.text.SET_SYNC_MODE) refers to spi.o(.bss.hspi1) for hspi1
    dac_driver.o(.ARM.exidx.text.SET_SYNC_MODE) refers to dac_driver.o(.text.SET_SYNC_MODE) for [Anonymous Symbol]
    dac_driver.o(.text.DAC_send_data) refers to stm32f0xx_hal_gpio.o(.text.HAL_GPIO_WritePin) for HAL_GPIO_WritePin
[...]
    Removing stm32f0xx_hal_uart.o(.text.HAL_HalfDuplex_EnableReceiver), (82 bytes).
    Removing stm32f0xx_hal_uart.o(.ARM.exidx.text.HAL_HalfDuplex_EnableReceiver), (8 bytes).
    Removing stm32f0xx_hal_uart.o(.text.HAL_LIN_SendBreak), (44 bytes).
    Removing stm32f0xx_hal_uart.o(.ARM.exidx.text.HAL_LIN_SendBreak), (8 bytes).
    Removing stm32f0xx_hal_uart.o(.text.HAL_UART_GetState), (8 bytes).
    Removing stm32f0xx_hal_uart.o(.ARM.exidx.text.HAL_UART_GetState), (8 bytes).
    Removing stm32f0xx_hal_uart.o(.text.HAL_UART_GetError), (6 bytes).
    Removing stm32f0xx_hal_uart.o(.ARM.exidx.text.HAL_UART_GetError), (8 bytes).
    Removing stm32f0xx_hal_uart.o(.text.UART_RxISR_16BIT), (162 bytes).
    Removing stm32f0xx_hal_uart.o(.ARM.exidx.text.UART_RxISR_16BIT), (8 bytes).
    Removing stm32f0xx_hal_uart.o(.text.UART_RxISR_8BIT), (164 bytes).
    Removing stm32f0xx_hal_uart.o(.ARM.exidx.text.UART_RxISR_8BIT), (8 bytes).
    Removing stm32f0xx_hal_uart.o(.ARM.exidx.text.UART_DMAReceiveCplt), (8 bytes).
    Removing stm32f0xx_hal_uart.o(.ARM.exidx.text.UART_DMARxHalfCplt), (8 bytes).
    Removing stm32f0xx_hal_uart_ex.o(.text), (0 bytes).
    Removing stm32f0xx_hal_uart_ex.o(.text.HAL_RS485Ex_Init), (140 bytes).
    Removing stm32f0xx_hal_uart_ex.o(.ARM.exidx.text.HAL_RS485Ex_Init), (8 bytes).
    Removing stm32f0xx_hal_uart_ex.o(.ARM.exidx.text.HAL_UARTEx_WakeupCallback), (8 bytes).
    Removing stm32f0xx_hal_uart_ex.o(.text.HAL_MultiProcessorEx_AddressLength_Set), (46 bytes).
    Removing stm32f0xx_hal_uart_ex.o(.ARM.exidx.text.HAL_MultiProcessorEx_AddressLength_Set), (8 bytes).
    Removing stm32f0xx_hal_uart_ex.o(.text.HAL_UARTEx_StopModeWakeUpSourceConfig), (136 bytes).
    Removing stm32f0xx_hal_uart_ex.o(.ARM.exidx.text.HAL_UARTEx_StopModeWakeUpSourceConfig), (8 bytes).
    Removing stm32f0xx_hal_uart_ex.o(.text.HAL_UARTEx_EnableStopMode), (50 bytes).
    Removing stm32f0xx_hal_uart_ex.o(.ARM.exidx.text.HAL_UARTEx_EnableStopMode), (8 bytes).
    Removing stm32f0xx_hal_uart_ex.o(.text.HAL_UARTEx_DisableStopMode), (50 bytes).
    Removing stm32f0xx_hal_uart_ex.o(.ARM.exidx.text.HAL_UARTEx_DisableStopMode), (8 bytes).
    Removing stm32f0xx_hal_uart_ex.o(.text.HAL_UARTEx_ReceiveToIdle), (328 bytes).
    Removing stm32f0xx_hal_uart_ex.o(.ARM.exidx.text.HAL_UARTEx_ReceiveToIdle), (8 bytes).
    Removing stm32f0xx_hal_uart_ex.o(.text.HAL_UARTEx_ReceiveToIdle_IT), (126 bytes).
    Removing stm32f0xx_hal_uart_ex.o(.ARM.exidx.text.HAL_UARTEx_ReceiveToIdle_IT), (8 bytes).
    Removing stm32f0xx_hal_uart_ex.o(.text.HAL_UARTEx_ReceiveToIdle_DMA), (126 bytes).
    Removing stm32f0xx_hal_uart_ex.o(.ARM.exidx.text.HAL_UARTEx_ReceiveToIdle_DMA), (8 bytes).
    Removing system_stm32f0xx.o(.text), (0 bytes).
    Removing system_stm32f0xx.o(.ARM.exidx.text.SystemInit), (8 bytes).
    Removing system_stm32f0xx.o(.text.SystemCoreClockUpdate), (96 bytes).
    Removing system_stm32f0xx.o(.ARM.exidx.text.SystemCoreClockUpdate), (8 bytes).

1063 unused section(s) (total 55847 bytes) removed from the image.

==============================================================================

Image Symbol Table

    Local Symbols

    Symbol Name                              Value     Ov Type        Size  Object(Section)

    ../clib/division.s                       0x00000000   Number         0  aeabi_sdivfast.o ABSOLUTE
    ../clib/division.s                       0x00000000   Number         0  aeabi_sdivfast_div0.o ABSOLUTE
    ../clib/microlib/division.c              0x00000000   Number         0  uidiv.o ABSOLUTE
    ../clib/microlib/division.c              0x00000000   Number         0  uidiv_div0.o ABSOLUTE
    ../clib/microlib/division.c              0x00000000   Number         0  idiv_div0.o ABSOLUTE
    ../clib/microlib/division.c              0x00000000   Number         0  idiv0.o ABSOLUTE
    ../clib/microlib/init/entry.s            0x00000000   Number         0  entry.o ABSOLUTE
    ../clib/microlib/init/entry.s            0x00000000   Number         0  entry2.o ABSOLUTE
    ../clib/microlib/init/entry.s            0x00000000   Number         0  entry5.o ABSOLUTE
    ../clib/microlib/init/entry.s            0x00000000   Number         0  entry7a.o ABSOLUTE
    ../clib/microlib/init/entry.s            0x00000000   Number         0  entry7b.o ABSOLUTE
    ../clib/microlib/init/entry.s            0x00000000   Number         0  entry8a.o ABSOLUTE
    ../clib/microlib/init/entry.s            0x00000000   Number         0  entry8b.o ABSOLUTE
    ../clib/microlib/init/entry.s            0x00000000   Number         0  entry9a.o ABSOLUTE
    ../clib/microlib/init/entry.s            0x00000000   Number         0  entry9b.o ABSOLUTE
    ../clib/microlib/init/entry.s            0x00000000   Number         0  entry10a.o ABSOLUTE
    ../clib/microlib/init/entry.s            0x00000000   Number         0  entry10b.o ABSOLUTE
    ../clib/microlib/init/entry.s            0x00000000   Number         0  entry11a.o ABSOLUTE
    ../clib/microlib/init/entry.s            0x00000000   Number         0  entry11b.o ABSOLUTE
    ../clib/microlib/longlong.c              0x00000000   Number         0  llushr.o ABSOLUTE
    ../clib/microlib/string/memset.c         0x00000000   Number         0  memseta.o ABSOLUTE
    ../clib/microlib/stubs.s                 0x00000000   Number         0  iusefp.o ABSOLUTE
    ../fplib/microlib/fpadd.c                0x00000000   Number         0  fadd.o ABSOLUTE
    ../fplib/microlib/fpcmp.c                0x00000000   Number         0  fcmple.o ABSOLUTE
    ../fplib/microlib/fpcmp.c                0x00000000   Number         0  fcmpgt.o ABSOLUTE
    ../fplib/microlib/fpdiv.c                0x00000000   Number         0  fdiv.o ABSOLUTE
    ../fplib/microlib/fpepilogue.c           0x00000000   Number         0  fepilogue.o ABSOLUTE
    ../fplib/microlib/fpfix.c                0x00000000   Number         0  ffixi.o ABSOLUTE
    ../fplib/microlib/fpflt.c                0x00000000   Number         0  fflti.o ABSOLUTE
    ../fplib/microlib/fpflt.c                0x00000000   Number         0  ffltui.o ABSOLUTE
    ../fplib/microlib/fpmul.c                0x00000000   Number         0  fmul.o ABSOLUTE
    DAC_driver.c                             0x00000000   Number         0  dac_driver.o ABSOLUTE
    ads1120_driver.c                         0x00000000   Number         0  ads1120_driver.o ABSOLUTE
    dc.s                                     0x00000000   Number         0  dc.o ABSOLUTE
    dma.c                                    0x00000000   Number         0  dma.o ABSOLUTE
    gpio.c                                   0x00000000   Number         0  gpio.o ABSOLUTE
    handlers.s                               0x00000000   Number         0  handlers.o ABSOLUTE
    init.s                                   0x00000000   Number         0  init.o ABSOLUTE
    main.c                                   0x00000000   Number         0  main.o ABSOLUTE
    spi.c                                    0x00000000   Number         0  spi.o ABSOLUTE
    startup_stm32f031x6.s                    0x00000000   Number         0  startup_stm32f031x6.o ABSOLUTE
    stm32f0xx_hal.c                          0x00000000   Number         0  stm32f0xx_hal.o ABSOLUTE
    stm32f0xx_hal_cortex.c                   0x00000000   Number         0  stm32f0xx_hal_cortex.o ABSOLUTE
    stm32f0xx_hal_dma.c                      0x00000000   Number         0  stm32f0xx_hal_dma.o ABSOLUTE
    stm32f0xx_hal_exti.c                     0x00000000   Number         0  stm32f0xx_hal_exti.o ABSOLUTE
    stm32f0xx_hal_flash.c                    0x00000000   Number         0  stm32f0xx_hal_flash.o ABSOLUTE
    stm32f0xx_hal_flash_ex.c                 0x00000000   Number         0  stm32f0xx_hal_flash_ex.o ABSOLUTE
    stm32f0xx_hal_gpio.c                     0x00000000   Number         0  stm32f0xx_hal_gpio.o ABSOLUTE
    stm32f0xx_hal_i2c.c                      0x00000000   Number         0  stm32f0xx_hal_i2c.o ABSOLUTE
    stm32f0xx_hal_i2c_ex.c                   0x00000000   Number         0  stm32f0xx_hal_i2c_ex.o ABSOLUTE
    stm32f0xx_hal_msp.c                      0x00000000   Number         0  stm32f0xx_hal_msp.o ABSOLUTE
    stm32f0xx_hal_pwr.c                      0x00000000   Number         0  stm32f0xx_hal_pwr.o ABSOLUTE
    stm32f0xx_hal_pwr_ex.c                   0x00000000   Number         0  stm32f0xx_hal_pwr_ex.o ABSOLUTE
    stm32f0xx_hal_rcc.c                      0x00000000   Number         0  stm32f0xx_hal_rcc.o ABSOLUTE
    stm32f0xx_hal_rcc_ex.c                   0x00000000   Number         0  stm32f0xx_hal_rcc_ex.o ABSOLUTE
    stm32f0xx_hal_spi.c                      0x00000000   Number         0  stm32f0xx_hal_spi.o ABSOLUTE
    stm32f0xx_hal_spi_ex.c                   0x00000000   Number         0  stm32f0xx_hal_spi_ex.o ABSOLUTE
    stm32f0xx_hal_tim.c                      0x00000000   Number         0  stm32f0xx_hal_tim.o ABSOLUTE
    stm32f0xx_hal_tim_ex.c                   0x00000000   Number         0  stm32f0xx_hal_tim_ex.o ABSOLUTE
    stm32f0xx_hal_uart.c                     0x00000000   Number         0  stm32f0xx_hal_uart.o ABSOLUTE
    stm32f0xx_hal_uart_ex.c                  0x00000000   Number         0  stm32f0xx_hal_uart_ex.o ABSOLUTE
    stm32f0xx_it.c                           0x00000000   Number         0  stm32f0xx_it.o ABSOLUTE
    system_stm32f0xx.c                       0x00000000   Number         0  system_stm32f0xx.o ABSOLUTE
    tim.c                                    0x00000000   Number         0  tim.o ABSOLUTE
    usart.c                                  0x00000000   Number         0  usart.o ABSOLUTE
    RESET                                    0x08000000   Section      176  startup_stm32f031x6.o(RESET)
    .ARM.Collect$$$$00000000                 0x080000b0   Section        0  entry.o(.ARM.Collect$$$$00000000)
    .ARM.Collect$$$$00000001                 0x080000b0   Section        4  entry2.o(.ARM.Collect$$$$00000001)
    .ARM.Collect$$$$00000004                 0x080000b4   Section        4  entry5.o(.ARM.Collect$$$$00000004)
    .ARM.Collect$$$$00000008                 0x080000b8   Section        0  entry7b.o(.ARM.Collect$$$$00000008)
    .ARM.Collect$$$$0000000A                 0x080000b8   Section        0  entry8b.o(.ARM.Collect$$$$0000000A)
    .ARM.Collect$$$$0000000B                 0x080000b8   Section        8  entry9a.o(.ARM.Collect$$$$0000000B)
    __lit__00000000                          0x080000c0   Data           4  entry2.o(.ARM.Collect$$$$00002712)
    .ARM.Collect$$$$0000000D                 0x080000c0   Section        0  entry10a.o(.ARM.Collect$$$$0000000D)
    .ARM.Collect$$$$0000000F                 0x080000c0   Section        0  entry11a.o(.ARM.Collect$$$$0000000F)
    .ARM.Collect$$$$00002712                 0x080000c0   Section        4  entry2.o(.ARM.Collect$$$$00002712)
    .text                                    0x080000c4   Section       28  startup_stm32f031x6.o(.text)
    .text                                    0x080000e0   Section        0  memseta.o(.text)
    .text                                    0x08000104   Section        0  fadd.o(.text)
    .text                                    0x080001b6   Section        0  fmul.o(.text)
    .text                                    0x08000230   Section        0  fdiv.o(.text)
    .text                                    0x080002ac   Section        0  fcmple.o(.text)
    .text                                    0x080002c8   Section        0  fcmpgt.o(.text)
    .text                                    0x080002e4   Section        0  fflti.o(.text)
    .text                                    0x080002fa   Section        0  ffltui.o(.text)
    .text                                    0x08000308   Section        0  ffixi.o(.text)
    .text                                    0x0800033a   Section        0  uidiv_div0.o(.text)
    .text                                    0x08000378   Section        0  iusefp.o(.text)
    .text                                    0x08000378   Section        0  fepilogue.o(.text)
    .text                                    0x080003fc   Section       36  init.o(.text)
    [Anonymous Symbol]                       0x08000420   Section        0  ads1120_driver.o(.text.ADS1120_Init)
    [Anonymous Symbol]                       0x080004dc   Section        0  ads1120_driver.o(.text.ADS1120_ReadData_singleshot)
    __arm_cp.13_0                            0x08000558   Number         4  ads1120_driver.o(.text.ADS1120_ReadData_singleshot)
    __arm_cp.13_4                            0x0800055c   Number         4  ads1120_driver.o(.text.ADS1120_ReadData_singleshot)
    [Anonymous Symbol]                       0x08000560   Section        0  dac_driver.o(.text.DAC_INIT)
    [Anonymous Symbol]                       0x08000674   Section        0  dac_driver.o(.text.DAC_Set_Current)
    [Anonymous Symbol]                       0x080006bc   Section        0  dac_driver.o(.text.DAC_Set_Voltage)
    __arm_cp.6_0                             0x080006fc   Number         4  dac_driver.o(.text.DAC_Set_Voltage)
    [Anonymous Symbol]                       0x08000700   Section        0  stm32f0xx_it.o(.text.DMA1_Channel2_3_IRQHandler)
    __arm_cp.5_0                             0x08000710   Number         4  stm32f0xx_it.o(.text.DMA1_Channel2_3_IRQHandler)
    __arm_cp.5_1                             0x08000714   Number         4  stm32f0xx_it.o(.text.DMA1_Channel2_3_IRQHandler)
    [Anonymous Symbol]                       0x08000718   Section        0  main.o(.text.Error_Handler)
    [Anonymous Symbol]                       0x08000720   Section        0  ads1120_driver.o(.text.GET_LD_CURR)
    __arm_cp.14_0                            0x0800079c   Number         4  ads1120_driver.o(.text.GET_LD_CURR)
    __arm_cp.14_2                            0x080007a0   Number         4  ads1120_driver.o(.text.GET_LD_CURR)
    __arm_cp.14_3                            0x080007a4   Number         4  ads1120_driver.o(.text.GET_LD_CURR)
    [Anonymous Symbol]                       0x080007a8   Section        0  ads1120_driver.o(.text.GET_LD_PD_external)
    __arm_cp.17_3                            0x08000824   Number         4  ads1120_driver.o(.text.GET_LD_PD_external)
    [Anonymous Symbol]                       0x08000828   Section        0  ads1120_driver.o(.text.GET_LD_PD_internal)
    __arm_cp.16_0                            0x080008a4   Number         4  ads1120_driver.o(.text.GET_LD_PD_internal)
    __arm_cp.16_3                            0x080008a8   Number         4  ads1120_driver.o(.text.GET_LD_PD_internal)
    [Anonymous Symbol]                       0x080008ac   Section        0  ads1120_driver.o(.text.GET_LD_TEMP)
    __arm_cp.15_0                            0x08000928   Number         4  ads1120_driver.o(.text.GET_LD_TEMP)
    __arm_cp.15_1                            0x0800092c   Number         4  ads1120_driver.o(.text.GET_LD_TEMP)
    __arm_cp.15_2                            0x08000930   Number         4  ads1120_driver.o(.text.GET_LD_TEMP)
    __arm_cp.15_3                            0x08000934   Number         4  ads1120_driver.o(.text.GET_LD_TEMP)
    [Anonymous Symbol]                       0x08000938   Section        0  stm32f0xx_hal_dma.o(.text.HAL_DMA_Abort)
    [Anonymous Symbol]                       0x08000974   Section        0  stm32f0xx_hal_dma.o(.text.HAL_DMA_Abort_IT)
    [Anonymous Symbol]                       0x080009b8   Section        0  stm32f0xx_hal_dma.o(.text.HAL_DMA_GetError)
    [Anonymous Symbol]                       0x080009bc   Section        0  stm32f0xx_hal_dma.o(.text.HAL_DMA_IRQHandler)
    [Anonymous Symbol]                       0x08000a90   Section        0  stm32f0xx_hal_dma.o(.text.HAL_DMA_Init)
    __arm_cp.0_0                             0x08000afc   Number         4  stm32f0xx_hal_dma.o(.text.HAL_DMA_Init)
    __arm_cp.0_1                             0x08000b00   Number         4  stm32f0xx_hal_dma.o(.text.HAL_DMA_Init)
    __arm_cp.0_2                             0x08000b04   Number         4  stm32f0xx_hal_dma.o(.text.HAL_DMA_Init)
    [Anonymous Symbol]                       0x08000b08   Section        0  stm32f0xx_hal_dma.o(.text.HAL_DMA_Start_IT)
    [Anonymous Symbol]                       0x08000b8c   Section        0  stm32f0xx_hal.o(.text.HAL_Delay)
    [Anonymous Symbol]                       0x08000bac   Section        0  stm32f0xx_hal_gpio.o(.text.HAL_GPIO_Init)
    __arm_cp.0_0                             0x08000d34   Number         4  stm32f0xx_hal_gpio.o(.text.HAL_GPIO_Init)
    __arm_cp.0_1                             0x08000d38   Number         4  stm32f0xx_hal_gpio.o(.text.HAL_GPIO_Init)
    __arm_cp.0_3                             0x08000d3c   Number         4  stm32f0xx_hal_gpio.o(.text.HAL_GPIO_Init)
    __arm_cp.0_4                             0x08000d40   Number         4  stm32f0xx_hal_gpio.o(.text.HAL_GPIO_Init)
    [Anonymous Symbol]                       0x08000d44   Section        0  stm32f0xx_hal_gpio.o(.text.HAL_GPIO_ReadPin)
    [Anonymous Symbol]                       0x08000d4e   Section        0  stm32f0xx_hal_gpio.o(.text.HAL_GPIO_WritePin)
    [Anonymous Symbol]                       0x08000d60   Section        0  stm32f0xx_hal.o(.text.HAL_GetTick)
    [Anonymous Symbol]                       0x08000d68   Section        0  stm32f0xx_hal.o(.text.HAL_IncTick)
    __arm_cp.5_1                             0x08000d78   Number         4  stm32f0xx_hal.o(.text.HAL_IncTick)
    [Anonymous Symbol]                       0x08000d7c   Section        0  stm32f0xx_hal.o(.text.HAL_Init)
    [Anonymous Symbol]                       0x08000d98   Section        0  stm32f0xx_hal.o(.text.HAL_InitTick)
    __arm_cp.1_0                             0x08000dd4   Number         4  stm32f0xx_hal.o(.text.HAL_InitTick)
    __arm_cp.1_2                             0x08000dd8   Number         4  stm32f0xx_hal.o(.text.HAL_InitTick)
    [Anonymous Symbol]                       0x08000ddc   Section        0  stm32f0xx_hal_msp.o(.text.HAL_MspInit)
    __arm_cp.0_0                             0x08000e04   Number         4  stm32f0xx_hal_msp.o(.text.HAL_MspInit)
    [Anonymous Symbol]                       0x08000e08   Section        0  stm32f0xx_hal_cortex.o(.text.HAL_NVIC_EnableIRQ)
    __arm_cp.1_0                             0x08000e1c   Number         4  stm32f0xx_hal_cortex.o(.text.HAL_NVIC_EnableIRQ)
    [Anonymous Symbol]                       0x08000e20   Section        0  stm32f0xx_hal_cortex.o(.text.HAL_NVIC_SetPriority)
    __arm_cp.0_0                             0x08000e58   Number         4  stm32f0xx_hal_cortex.o(.text.HAL_NVIC_SetPriority)
    __arm_cp.0_1                             0x08000e5c   Number         4  stm32f0xx_hal_cortex.o(.text.HAL_NVIC_SetPriority)
    [Anonymous Symbol]                       0x08000e60   Section        0  stm32f0xx_hal_rcc_ex.o(.text.HAL_RCCEx_PeriphCLKConfig)
    __arm_cp.0_0                             0x08000f50   Number         4  stm32f0xx_hal_rcc_ex.o(.text.HAL_RCCEx_PeriphCLKConfig)
    __arm_cp.0_1                             0x08000f54   Number         4  stm32f0xx_hal_rcc_ex.o(.text.HAL_RCCEx_PeriphCLKConfig)
    __arm_cp.0_2                             0x08000f58   Number         4  stm32f0xx_hal_rcc_ex.o(.text.HAL_RCCEx_PeriphCLKConfig)
    [Anonymous Symbol]                       0x08000f5c   Section        0  stm32f0xx_hal_rcc.o(.text.HAL_RCC_ClockConfig)
    __arm_cp.2_0                             0x08001094   Number         4  stm32f0xx_hal_rcc.o(.text.HAL_RCC_ClockConfig)
    __arm_cp.2_2                             0x08001098   Number         4  stm32f0xx_hal_rcc.o(.text.HAL_RCC_ClockConfig)
    __arm_cp.2_7                             0x0800109c   Number         4  stm32f0xx_hal_rcc.o(.text.HAL_RCC_ClockConfig)
    [Anonymous Symbol]                       0x080010a0   Section        0  stm32f0xx_hal_rcc.o(.text.HAL_RCC_GetPCLK1Freq)
    __arm_cp.8_0                             0x080010b4   Number         4  stm32f0xx_hal_rcc.o(.text.HAL_RCC_GetPCLK1Freq)
    __arm_cp.8_2                             0x080010b8   Number         4  stm32f0xx_hal_rcc.o(.text.HAL_RCC_GetPCLK1Freq)
    [Anonymous Symbol]                       0x080010bc   Section        0  stm32f0xx_hal_rcc.o(.text.HAL_RCC_GetSysClockFreq)
    __arm_cp.3_0                             0x080010f0   Number         4  stm32f0xx_hal_rcc.o(.text.HAL_RCC_GetSysClockFreq)
    __arm_cp.3_1                             0x080010f4   Number         4  stm32f0xx_hal_rcc.o(.text.HAL_RCC_GetSysClockFreq)
    __arm_cp.3_2                             0x080010f8   Number         4  stm32f0xx_hal_rcc.o(.text.HAL_RCC_GetSysClockFreq)
    __arm_cp.3_3                             0x080010fc   Number         4  stm32f0xx_hal_rcc.o(.text.HAL_RCC_GetSysClockFreq)
    __arm_cp.3_4                             0x08001100   Number         4  stm32f0xx_hal_rcc.o(.text.HAL_RCC_GetSysClockFreq)
    [Anonymous Symbol]                       0x08001104   Section        0  stm32f0xx_hal_rcc.o(.text.HAL_RCC_OscConfig)
    __arm_cp.1_0                             0x080014bc   Number         4  stm32f0xx_hal_rcc.o(.text.HAL_RCC_OscConfig)
    __arm_cp.1_1                             0x080014c0   Number         4  stm32f0xx_hal_rcc.o(.text.HAL_RCC_OscConfig)
    __arm_cp.1_2                             0x080014c4   Number         4  stm32f0xx_hal_rcc.o(.text.HAL_RCC_OscConfig)
    [Anonymous Symbol]                       0x080014c8   Section        0  stm32f0xx_hal_spi.o(.text.HAL_SPI_Init)
    [Anonymous Symbol]                       0x080015c0   Section        0  spi.o(.text.HAL_SPI_MspInit)
    __arm_cp.1_0                             0x08001620   Number         4  spi.o(.text.HAL_SPI_MspInit)
    __arm_cp.1_1                             0x08001624   Number         4  spi.o(.text.HAL_SPI_MspInit)
    [Anonymous Symbol]                       0x08001628   Section        0  stm32f0xx_hal_spi.o(.text.HAL_SPI_Transmit)
    __arm_cp.4_0                             0x080017a8   Number         4  stm32f0xx_hal_spi.o(.text.HAL_SPI_Transmit)
    [Anonymous Symbol]                       0x080017ac   Section        0  stm32f0xx_hal_spi.o(.text.HAL_SPI_TransmitReceive)
    __arm_cp.6_0                             0x080019c8   Number         4  stm32f0xx_hal_spi.o(.text.HAL_SPI_TransmitReceive)
    [Anonymous Symbol]                       0x080019cc   Section        0  stm32f0xx_hal_cortex.o(.text.HAL_SYSTICK_Config)
    __arm_cp.4_0                             0x080019f4   Number         4  stm32f0xx_hal_cortex.o(.text.HAL_SYSTICK_Config)
    __arm_cp.4_1                             0x080019f8   Number         4  stm32f0xx_hal_cortex.o(.text.HAL_SYSTICK_Config)
    __arm_cp.4_2                             0x080019fc   Number         4  stm32f0xx_hal_cortex.o(.text.HAL_SYSTICK_Config)
    [Anonymous Symbol]                       0x08001a00   Section        0  stm32f0xx_hal_tim_ex.o(.text.HAL_TIMEx_BreakCallback)
    [Anonymous Symbol]                       0x08001a02   Section        0  stm32f0xx_hal_tim_ex.o(.text.HAL_TIMEx_CommutCallback)
    [Anonymous Symbol]                       0x08001a04   Section        0  stm32f0xx_hal_tim_ex.o(.text.HAL_TIMEx_MasterConfigSynchronization)
    [Anonymous Symbol]                       0x08001a54   Section        0  stm32f0xx_hal_tim.o(.text.HAL_TIM_Base_Init)
    __arm_cp.0_2                             0x08001b18   Number         4  stm32f0xx_hal_tim.o(.text.HAL_TIM_Base_Init)
    __arm_cp.0_3                             0x08001b1c   Number         4  stm32f0xx_hal_tim.o(.text.HAL_TIM_Base_Init)
    __arm_cp.0_5                             0x08001b20   Number         4  stm32f0xx_hal_tim.o(.text.HAL_TIM_Base_Init)
    [Anonymous Symbol]                       0x08001b24   Section        0  tim.o(.text.HAL_TIM_Base_MspInit)
    __arm_cp.3_0                             0x08001b94   Number         4  tim.o(.text.HAL_TIM_Base_MspInit)
    __arm_cp.3_2                             0x08001b98   Number         4  tim.o(.text.HAL_TIM_Base_MspInit)
    [Anonymous Symbol]                       0x08001b9c   Section        0  stm32f0xx_hal_tim.o(.text.HAL_TIM_Base_Start_IT)
    __arm_cp.7_0                             0x08001be4   Number         4  stm32f0xx_hal_tim.o(.text.HAL_TIM_Base_Start_IT)
    __arm_cp.7_1                             0x08001be8   Number         4  stm32f0xx_hal_tim.o(.text.HAL_TIM_Base_Start_IT)
    [Anonymous Symbol]                       0x08001bec   Section        0  stm32f0xx_hal_tim.o(.text.HAL_TIM_Base_Stop_IT)
    __arm_cp.8_0                             0x08001c18   Number         4  stm32f0xx_hal_tim.o(.text.HAL_TIM_Base_Stop_IT)
    __arm_cp.8_1                             0x08001c1c   Number         4  stm32f0xx_hal_tim.o(.text.HAL_TIM_Base_Stop_IT)
    [Anonymous Symbol]                       0x08001c20   Section        0  stm32f0xx_hal_tim.o(.text.HAL_TIM_ConfigClockSource)
    __arm_cp.90_0                            0x08001d68   Number         4  stm32f0xx_hal_tim.o(.text.HAL_TIM_ConfigClockSource)
    [Anonymous Symbol]                       0x08001d6c   Section        0  stm32f0xx_hal_tim.o(.text.HAL_TIM_IC_CaptureCallback)
    [Anonymous Symbol]                       0x08001d6e   Section        0  stm32f0xx_hal_tim.o(.text.HAL_TIM_IRQHandler)
    [Anonymous Symbol]                       0x08001eb6   Section        0  stm32f0xx_hal_tim.o(.text.HAL_TIM_OC_DelayElapsedCallback)
    [Anonymous Symbol]                       0x08001eb8   Section        0  stm32f0xx_hal_tim.o(.text.HAL_TIM_PWM_PulseFinishedCallback)
    [Anonymous Symbol]                       0x08001eba   Section        0  stm32f0xx_hal_tim.o(.text.HAL_TIM_PeriodElapsedCallback)
    [Anonymous Symbol]                       0x08001ebc   Section        0  stm32f0xx_hal_tim.o(.text.HAL_TIM_TriggerCallback)
    [Anonymous Symbol]                       0x08001ebe   Section        0  stm32f0xx_hal_uart.o(.text.HAL_UARTEx_RxEventCallback)
    [Anonymous Symbol]                       0x08001ec0   Section        0  stm32f0xx_hal_uart_ex.o(.text.HAL_UARTEx_WakeupCallback)
    [Anonymous Symbol]                       0x08001ec2   Section        0  stm32f0xx_hal_uart.o(.text.HAL_UART_DMAStop)
    [Anonymous Symbol]                       0x08001fc8   Section        0  stm32f0xx_hal_uart.o(.text.HAL_UART_ErrorCallback)
    [Anonymous Symbol]                       0x08001fcc   Section        0  stm32f0xx_hal_uart.o(.text.HAL_UART_IRQHandler)
    __arm_cp.40_0                            0x08002388   Number         4  stm32f0xx_hal_uart.o(.text.HAL_UART_IRQHandler)
    __arm_cp.40_1                            0x0800238c   Number         4  stm32f0xx_hal_uart.o(.text.HAL_UART_IRQHandler)
    __arm_cp.40_2                            0x08002390   Number         4  stm32f0xx_hal_uart.o(.text.HAL_UART_IRQHandler)
    [Anonymous Symbol]                       0x08002394   Section        0  stm32f0xx_hal_uart.o(.text.HAL_UART_Init)
    __arm_cp.0_0                             0x08002454   Number         4  stm32f0xx_hal_uart.o(.text.HAL_UART_Init)
    [Anonymous Symbol]                       0x08002458   Section        0  usart.o(.text.HAL_UART_MspInit)
    __arm_cp.1_0                             0x0800251c   Number         4  usart.o(.text.HAL_UART_MspInit)
    __arm_cp.1_2                             0x08002520   Number         4  usart.o(.text.HAL_UART_MspInit)
    __arm_cp.1_3                             0x08002524   Number         4  usart.o(.text.HAL_UART_MspInit)
    __arm_cp.1_4                             0x08002528   Number         4  usart.o(.text.HAL_UART_MspInit)
    [Anonymous Symbol]                       0x0800252c   Section        0  stm32f0xx_hal_uart.o(.text.HAL_UART_Receive_DMA)
    [Anonymous Symbol]                       0x08002598   Section        0  stm32f0xx_hal_uart.o(.text.HAL_UART_RxCpltCallback)
    [Anonymous Symbol]                       0x0800259a   Section        0  stm32f0xx_hal_uart.o(.text.HAL_UART_RxHalfCpltCallback)
    [Anonymous Symbol]                       0x0800259c   Section        0  stm32f0xx_hal_uart.o(.text.HAL_UART_Transmit_DMA)
    __arm_cp.18_0                            0x08002648   Number         4  stm32f0xx_hal_uart.o(.text.HAL_UART_Transmit_DMA)
    __arm_cp.18_1                            0x0800264c   Number         4  stm32f0xx_hal_uart.o(.text.HAL_UART_Transmit_DMA)
    __arm_cp.18_2                            0x08002650   Number         4  stm32f0xx_hal_uart.o(.text.HAL_UART_Transmit_DMA)
    [Anonymous Symbol]                       0x08002654   Section        0  stm32f0xx_hal_uart.o(.text.HAL_UART_TxCpltCallback)
    [Anonymous Symbol]                       0x08002656   Section        0  stm32f0xx_hal_uart.o(.text.HAL_UART_TxHalfCpltCallback)
    [Anonymous Symbol]                       0x08002658   Section        0  stm32f0xx_it.o(.text.HardFault_Handler)
    [Anonymous Symbol]                       0x0800265c   Section        0  dma.o(.text.MX_DMA_Init)
    [Anonymous Symbol]                       0x08002688   Section        0  gpio.o(.text.MX_GPIO_Init)
    __arm_cp.0_0                             0x08002744   Number         4  gpio.o(.text.MX_GPIO_Init)
    __arm_cp.0_1                             0x08002748   Number         4  gpio.o(.text.MX_GPIO_Init)
    __arm_cp.0_2                             0x0800274c   Number         4  gpio.o(.text.MX_GPIO_Init)
    __arm_cp.0_3                             0x08002750   Number         4  gpio.o(.text.MX_GPIO_Init)
    __arm_cp.0_4                             0x08002754   Number         4  gpio.o(.text.MX_GPIO_Init)
    [Anonymous Symbol]                       0x08002758   Section        0  spi.o(.text.MX_SPI1_Init)
    __arm_cp.0_0                             0x08002798   Number         4  spi.o(.text.MX_SPI1_Init)
    __arm_cp.0_1                             0x0800279c   Number         4  spi.o(.text.MX_SPI1_Init)
    [Anonymous Symbol]                       0x080027a0   Section        0  tim.o(.text.MX_TIM16_Init)
    __arm_cp.2_0                             0x080027cc   Number         4  tim.o(.text.MX_TIM16_Init)
    __arm_cp.2_1                             0x080027d0   Number         4  tim.o(.text.MX_TIM16_Init)
    [Anonymous Symbol]                       0x080027d4   Section        0  tim.o(.text.MX_TIM2_Init)
    __arm_cp.0_0                             0x08002834   Number         4  tim.o(.text.MX_TIM2_Init)
    [Anonymous Symbol]                       0x08002838   Section        0  tim.o(.text.MX_TIM3_Init)
    __arm_cp.1_0                             0x08002898   Number         4  tim.o(.text.MX_TIM3_Init)
    __arm_cp.1_1                             0x0800289c   Number         4  tim.o(.text.MX_TIM3_Init)
    __arm_cp.1_2                             0x080028a0   Number         4  tim.o(.text.MX_TIM3_Init)
    [Anonymous Symbol]                       0x080028a4   Section        0  usart.o(.text.MX_USART1_UART_Init)
    __arm_cp.0_1                             0x080028ec   Number         4  usart.o(.text.MX_USART1_UART_Init)
    __arm_cp.0_2                             0x080028f0   Number         4  usart.o(.text.MX_USART1_UART_Init)
    [Anonymous Symbol]                       0x080028f4   Section        0  stm32f0xx_it.o(.text.NMI_Handler)
    [Anonymous Symbol]                       0x080028f8   Section        0  main.o(.text.PD_SRC_ERR_DETECT)
    __arm_cp.3_0                             0x08002970   Number         4  main.o(.text.PD_SRC_ERR_DETECT)
    __arm_cp.3_1                             0x08002974   Number         4  main.o(.text.PD_SRC_ERR_DETECT)
    __arm_cp.3_2                             0x08002978   Number         4  main.o(.text.PD_SRC_ERR_DETECT)
    __arm_cp.3_3                             0x0800297c   Number         4  main.o(.text.PD_SRC_ERR_DETECT)
    __arm_cp.3_4                             0x08002980   Number         4  main.o(.text.PD_SRC_ERR_DETECT)
    __arm_cp.3_5                             0x08002984   Number         4  main.o(.text.PD_SRC_ERR_DETECT)
    __arm_cp.3_6                             0x08002988   Number         4  main.o(.text.PD_SRC_ERR_DETECT)
    __arm_cp.3_7                             0x0800298c   Number         4  main.o(.text.PD_SRC_ERR_DETECT)
    __arm_cp.3_8                             0x08002990   Number         4  main.o(.text.PD_SRC_ERR_DETECT)
    __arm_cp.3_9                             0x08002994   Number         4  main.o(.text.PD_SRC_ERR_DETECT)
    __arm_cp.3_10                            0x08002998   Number         4  main.o(.text.PD_SRC_ERR_DETECT)
    __arm_cp.3_11                            0x0800299c   Number         4  main.o(.text.PD_SRC_ERR_DETECT)
    __arm_cp.3_12                            0x080029a0   Number         4  main.o(.text.PD_SRC_ERR_DETECT)
    __arm_cp.3_13                            0x080029a4   Number         4  main.o(.text.PD_SRC_ERR_DETECT)
    [Anonymous Symbol]                       0x080029a8   Section        0  main.o(.text.PID_PD_feedback)
    __arm_cp.5_0                             0x08002a70   Number         4  main.o(.text.PID_PD_feedback)
    [Anonymous Symbol]                       0x08002a74   Section        0  stm32f0xx_it.o(.text.PendSV_Handler)
    SPI_WaitFifoStateUntilTimeout            0x08002a79   Thumb Code   228  stm32f0xx_hal_spi.o(.text.SPI_WaitFifoStateUntilTimeout)
    [Anonymous Symbol]                       0x08002a78   Section        0  stm32f0xx_hal_spi.o(.text.SPI_WaitFifoStateUntilTimeout)
    SPI_WaitFlagStateUntilTimeout            0x08002b5d   Thumb Code   180  stm32f0xx_hal_spi.o(.text.SPI_WaitFlagStateUntilTimeout)
    [Anonymous Symbol]                       0x08002b5c   Section        0  stm32f0xx_hal_spi.o(.text.SPI_WaitFlagStateUntilTimeout)
    __arm_cp.32_0                            0x08002c10   Number         4  stm32f0xx_hal_spi.o(.text.SPI_WaitFlagStateUntilTimeout)
    [Anonymous Symbol]                       0x08002c14   Section        0  stm32f0xx_it.o(.text.SVC_Handler)
    [Anonymous Symbol]                       0x08002c16   Section        0  stm32f0xx_it.o(.text.SysTick_Handler)
    [Anonymous Symbol]                       0x08002c1e   Section        0  system_stm32f0xx.o(.text.SystemInit)
    [Anonymous Symbol]                       0x08002c20   Section        0  stm32f0xx_it.o(.text.TIM16_IRQHandler)
    __arm_cp.6_0                             0x08002c30   Number         4  stm32f0xx_it.o(.text.TIM16_IRQHandler)
    __arm_cp.6_1                             0x08002c34   Number         4  stm32f0xx_it.o(.text.TIM16_IRQHandler)
    [Anonymous Symbol]                       0x08002c38   Section        0  stm32f0xx_hal_uart.o(.text.UART_AdvFeatureConfig)
    UART_DMAAbortOnError                     0x08002d0b   Thumb Code    22  stm32f0xx_hal_uart.o(.text.UART_DMAAbortOnError)
    [Anonymous Symbol]                       0x08002d0a   Section        0  stm32f0xx_hal_uart.o(.text.UART_DMAAbortOnError)
    UART_DMAError                            0x08002d21   Thumb Code   176  stm32f0xx_hal_uart.o(.text.UART_DMAError)
    [Anonymous Symbol]                       0x08002d20   Section        0  stm32f0xx_hal_uart.o(.text.UART_DMAError)
    UART_DMAReceiveCplt                      0x08002dd1   Thumb Code   138  stm32f0xx_hal_uart.o(.text.UART_DMAReceiveCplt)
    [Anonymous Symbol]                       0x08002dd0   Section        0  stm32f0xx_hal_uart.o(.text.UART_DMAReceiveCplt)
    UART_DMARxHalfCplt                       0x08002e5b   Thumb Code    28  stm32f0xx_hal_uart.o(.text.UART_DMARxHalfCplt)
    [Anonymous Symbol]                       0x08002e5a   Section        0  stm32f0xx_hal_uart.o(.text.UART_DMARxHalfCplt)
    UART_DMATransmitCplt                     0x08002e77   Thumb Code    72  stm32f0xx_hal_uart.o(.text.UART_DMATransmitCplt)
    [Anonymous Symbol]                       0x08002e76   Section        0  stm32f0xx_hal_uart.o(.text.UART_DMATransmitCplt)
    UART_DMATxHalfCplt                       0x08002ebf   Thumb Code    10  stm32f0xx_hal_uart.o(.text.UART_DMATxHalfCplt)
    [Anonymous Symbol]                       0x08002ebe   Section        0  stm32f0xx_hal_uart.o(.text.UART_DMATxHalfCplt)
    [Anonymous Symbol]                       0x08002ec8   Section        0  stm32f0xx_hal_uart.o(.text.UART_SetConfig)
    __arm_cp.2_0                             0x08002fd8   Number         4  stm32f0xx_hal_uart.o(.text.UART_SetConfig)
    __arm_cp.2_1                             0x08002fdc   Number         4  stm32f0xx_hal_uart.o(.text.UART_SetConfig)
    __arm_cp.2_3                             0x08002ff0   Number         4  stm32f0xx_hal_uart.o(.text.UART_SetConfig)
    __arm_cp.2_4                             0x08002ff4   Number         4  stm32f0xx_hal_uart.o(.text.UART_SetConfig)
    [Anonymous Symbol]                       0x08002ff8   Section        0  stm32f0xx_hal_uart.o(.text.UART_Start_Receive_DMA)
    __arm_cp.23_0                            0x0800308c   Number         4  stm32f0xx_hal_uart.o(.text.UART_Start_Receive_DMA)
    __arm_cp.23_1                            0x08003090   Number         4  stm32f0xx_hal_uart.o(.text.UART_Start_Receive_DMA)
    __arm_cp.23_2                            0x08003094   Number         4  stm32f0xx_hal_uart.o(.text.UART_Start_Receive_DMA)
    [Anonymous Symbol]                       0x08003098   Section        0  stm32f0xx_hal_uart.o(.text.UART_WaitOnFlagUntilTimeout)
    [Anonymous Symbol]                       0x08003188   Section        0  stm32f0xx_it.o(.text.USART1_IRQHandler)
    __arm_cp.7_0                             0x080031bc   Number         4  stm32f0xx_it.o(.text.USART1_IRQHandler)
    __arm_cp.7_1                             0x080031c0   Number         4  stm32f0xx_it.o(.text.USART1_IRQHandler)
    __arm_cp.7_2                             0x080031c4   Number         4  stm32f0xx_it.o(.text.USART1_IRQHandler)
    __arm_cp.7_3                             0x080031c8   Number         4  stm32f0xx_it.o(.text.USART1_IRQHandler)
    [Anonymous Symbol]                       0x080031cc   Section        0  main.o(.text.main)
    __arm_cp.0_56                            0x080033dc   Number         4  main.o(.text.main)
    __arm_cp.0_57                            0x080033e0   Number         4  main.o(.text.main)
    __arm_cp.0_59                            0x080033e8   Number         4  main.o(.text.main)
    __arm_cp.0_61                            0x080033f0   Number         4  main.o(.text.main)
    __arm_cp.0_63                            0x080033f8   Number         4  main.o(.text.main)
    __arm_cp.0_65                            0x080036f4   Number         4  main.o(.text.main)
    __arm_cp.0_0                             0x080036f8   Number         4  main.o(.text.main)
    __arm_cp.0_3                             0x080036fc   Number         4  main.o(.text.main)
    __arm_cp.0_5                             0x08003700   Number         4  main.o(.text.main)
    __arm_cp.0_7                             0x08003704   Number         4  main.o(.text.main)
    __arm_cp.0_8                             0x08003708   Number         4  main.o(.text.main)
    __arm_cp.0_11                            0x0800370c   Number         4  main.o(.text.main)
    __arm_cp.0_12                            0x08003710   Number         4  main.o(.text.main)
    __arm_cp.0_13                            0x08003714   Number         4  main.o(.text.main)
    __arm_cp.0_14                            0x08003718   Number         4  main.o(.text.main)
    __arm_cp.0_15                            0x0800371c   Number         4  main.o(.text.main)
    __arm_cp.0_16                            0x08003720   Number         4  main.o(.text.main)
    __arm_cp.0_17                            0x08003724   Number         4  main.o(.text.main)
    __arm_cp.0_18                            0x08003728   Number         4  main.o(.text.main)
    __arm_cp.0_19                            0x0800372c   Number         4  main.o(.text.main)
    __arm_cp.0_20                            0x08003730   Number         4  main.o(.text.main)
    __arm_cp.0_21                            0x08003734   Number         4  main.o(.text.main)
    __arm_cp.0_22                            0x08003738   Number         4  main.o(.text.main)
    __arm_cp.0_23                            0x0800373c   Number         4  main.o(.text.main)
    __arm_cp.0_24                            0x08003740   Number         4  main.o(.text.main)
    __arm_cp.0_25                            0x08003744   Number         4  main.o(.text.main)
    __arm_cp.0_26                            0x08003748   Number         4  main.o(.text.main)
    __arm_cp.0_27                            0x0800374c   Number         4  main.o(.text.main)
    __arm_cp.0_28                            0x08003750   Number         4  main.o(.text.main)
    __arm_cp.0_29                            0x08003754   Number         4  main.o(.text.main)
    __arm_cp.0_30                            0x08003758   Number         4  main.o(.text.main)
    __arm_cp.0_31                            0x0800375c   Number         4  main.o(.text.main)
    __arm_cp.0_32                            0x08003760   Number         4  main.o(.text.main)
    __arm_cp.0_33                            0x08003764   Number         4  main.o(.text.main)
    __arm_cp.0_34                            0x08003768   Number         4  main.o(.text.main)
    __arm_cp.0_35                            0x0800376c   Number         4  main.o(.text.main)
    __arm_cp.0_36                            0x08003770   Number         4  main.o(.text.main)
    __arm_cp.0_37                            0x08003774   Number         4  main.o(.text.main)
    __arm_cp.0_38                            0x08003778   Number         4  main.o(.text.main)
    __arm_cp.0_39                            0x0800377c   Number         4  main.o(.text.main)
    __arm_cp.0_40                            0x08003780   Number         4  main.o(.text.main)
    __arm_cp.0_41                            0x08003784   Number         4  main.o(.text.main)
    __arm_cp.0_42                            0x08003788   Number         4  main.o(.text.main)
    __arm_cp.0_43                            0x0800378c   Number         4  main.o(.text.main)
    __arm_cp.0_44                            0x08003790   Number         4  main.o(.text.main)
    __arm_cp.0_45                            0x08003794   Number         4  main.o(.text.main)
    __arm_cp.0_46                            0x08003798   Number         4  main.o(.text.main)
    __arm_cp.0_47                            0x0800379c   Number         4  main.o(.text.main)
    __arm_cp.0_48                            0x080037a0   Number         4  main.o(.text.main)
    __arm_cp.0_49                            0x080037a4   Number         4  main.o(.text.main)
    __arm_cp.0_50                            0x080037a8   Number         4  main.o(.text.main)
    __arm_cp.0_51                            0x080037ac   Number         4  main.o(.text.main)
    i.__scatterload_copy                     0x080037b0   Section       14  handlers.o(i.__scatterload_copy)
    i.__scatterload_null                     0x080037be   Section        2  handlers.o(i.__scatterload_null)
    i.__scatterload_zeroinit                 0x080037c0   Section       14  handlers.o(i.__scatterload_zeroinit)
    [Anonymous Symbol]                       0x080037e6   Section        0  stm32f0xx_hal_rcc.o(.rodata.cst16)
    STACK                                    0x20000508   Section     1024  startup_stm32f031x6.o(STACK)

    Global Symbols

    Symbol Name                              Value     Ov Type        Size  Object(Section)

    BuildAttributes$$THM_ISAv3M$S$PE$A:L22$X:L11$S22$IEEE1$IW$~IW$USESV6$~STKCKD$USESV7$~SHL$OTIME$ROPI$EBA8$MICROLIB$REQ8$PRES8$EABIv2 0x00000000   Number         0  anon$$obj.o ABSOLUTE
    __cpp_initialize__aeabi_                  - Undefined Weak Reference
    __cxa_finalize                            - Undefined Weak Reference
    __decompress                              - Undefined Weak Reference
    _clock_init                               - Undefined Weak Reference
    _microlib_exit                            - Undefined Weak Reference
    __Vectors_Size                           0x000000b0   Number         0  startup_stm32f031x6.o ABSOLUTE
    __Vectors                                0x08000000   Data           4  startup_stm32f031x6.o(RESET)
    __Vectors_End                            0x080000b0   Data           0  startup_stm32f031x6.o(RESET)
    __main                                   0x080000b1   Thumb Code     0  entry.o(.ARM.Collect$$$$00000000)
    _main_stk                                0x080000b1   Thumb Code     0  entry2.o(.ARM.Collect$$$$00000001)
    _main_scatterload                        0x080000b5   Thumb Code     0  entry5.o(.ARM.Collect$$$$00000004)
    __main_after_scatterload                 0x080000b9   Thumb Code     0  entry5.o(.ARM.Collect$$$$00000004)
    _main_clock                              0x080000b9   Thumb Code     0  entry7b.o(.ARM.Collect$$$$00000008)
    _main_cpp_init                           0x080000b9   Thumb Code     0  entry8b.o(.ARM.Collect$$$$0000000A)
    _main_init                               0x080000b9   Thumb Code     0  entry9a.o(.ARM.Collect$$$$0000000B)
    __rt_final_cpp                           0x080000c1   Thumb Code     0  entry10a.o(.ARM.Collect$$$$0000000D)
    __rt_final_exit                          0x080000c1   Thumb Code     0  entry11a.o(.ARM.Collect$$$$0000000F)
    Reset_Handler                            0x080000c5   Thumb Code     8  startup_stm32f031x6.o(.text)
    ADC1_IRQHandler                          0x080000d7   Thumb Code     0  startup_stm32f031x6.o(.text)
    DMA1_Channel1_IRQHandler                 0x080000d7   Thumb Code     0  startup_stm32f031x6.o(.text)
    DMA1_Channel4_5_IRQHandler               0x080000d7   Thumb Code     0  startup_stm32f031x6.o(.text)
    EXTI0_1_IRQHandler                       0x080000d7   Thumb Code     0  startup_stm32f031x6.o(.text)
    EXTI2_3_IRQHandler                       0x080000d7   Thumb Code     0  startup_stm32f031x6.o(.text)
    EXTI4_15_IRQHandler                      0x080000d7   Thumb Code     0  startup_stm32f031x6.o(.text)
    FLASH_IRQHandler                         0x080000d7   Thumb Code     0  startup_stm32f031x6.o(.text)
    I2C1_IRQHandler                          0x080000d7   Thumb Code     0  startup_stm32f031x6.o(.text)
    PVD_IRQHandler                           0x080000d7   Thumb Code     0  startup_stm32f031x6.o(.text)
    RCC_IRQHandler                           0x080000d7   Thumb Code     0  startup_stm32f031x6.o(.text)
    RTC_IRQHandler                           0x080000d7   Thumb Code     0  startup_stm32f031x6.o(.text)
    SPI1_IRQHandler                          0x080000d7   Thumb Code     0  startup_stm32f031x6.o(.text)
    TIM14_IRQHandler                         0x080000d7   Thumb Code     0  startup_stm32f031x6.o(.text)
    TIM17_IRQHandler                         0x080000d7   Thumb Code     0  startup_stm32f031x6.o(.text)
    TIM1_BRK_UP_TRG_COM_IRQHandler           0x080000d7   Thumb Code     0  startup_stm32f031x6.o(.text)
    TIM1_CC_IRQHandler                       0x080000d7   Thumb Code     0  startup_stm32f031x6.o(.text)
    TIM2_IRQHandler                          0x080000d7   Thumb Code     0  startup_stm32f031x6.o(.text)
    TIM3_IRQHandler                          0x080000d7   Thumb Code     0  startup_stm32f031x6.o(.text)
    WWDG_IRQHandler                          0x080000d7   Thumb Code     0  startup_stm32f031x6.o(.text)
    __aeabi_memset                           0x080000e1   Thumb Code    14  memseta.o(.text)
    __aeabi_memset4                          0x080000e1   Thumb Code     0  memseta.o(.text)
    __aeabi_memset8                          0x080000e1   Thumb Code     0  memseta.o(.text)
    __aeabi_memclr                           0x080000ef   Thumb Code     4  memseta.o(.text)
    __aeabi_memclr4                          0x080000ef   Thumb Code     0  memseta.o(.text)
    __aeabi_memclr8                          0x080000ef   Thumb Code     0  memseta.o(.text)
    _memset$wrapper                          0x080000f3   Thumb Code    18  memseta.o(.text)
    __aeabi_fadd                             0x08000105   Thumb Code   162  fadd.o(.text)
    __aeabi_fsub                             0x080001a7   Thumb Code     8  fadd.o(.text)
    __aeabi_frsub                            0x080001af   Thumb Code     8  fadd.o(.text)
    __aeabi_fmul                             0x080001b7   Thumb Code   122  fmul.o(.text)
    __aeabi_fdiv                             0x08000231   Thumb Code   124  fdiv.o(.text)
    __aeabi_fcmple                           0x080002ad   Thumb Code    28  fcmple.o(.text)
    __aeabi_fcmpgt                           0x080002c9   Thumb Code    28  fcmpgt.o(.text)
    __aeabi_i2f                              0x080002e5   Thumb Code    22  fflti.o(.text)
    __aeabi_ui2f                             0x080002fb   Thumb Code    14  ffltui.o(.text)
    __aeabi_f2iz                             0x08000309   Thumb Code    50  ffixi.o(.text)
    __aeabi_uidiv                            0x0800033b   Thumb Code     0  uidiv_div0.o(.text)
    __aeabi_uidivmod                         0x0800033b   Thumb Code    62  uidiv_div0.o(.text)
    __I$use$fp                               0x08000379   Thumb Code     0  iusefp.o(.text)
    _float_round                             0x08000379   Thumb Code    16  fepilogue.o(.text)
    _float_epilogue                          0x08000389   Thumb Code   114  fepilogue.o(.text)
    __scatterload                            0x080003fd   Thumb Code    28  init.o(.text)
    __scatterload_rt2                        0x080003fd   Thumb Code     0  init.o(.text)
    ADS1120_Init                             0x08000421   Thumb Code   188  ads1120_driver.o(.text.ADS1120_Init)
    ADS1120_ReadData_singleshot              0x080004dd   Thumb Code   124  ads1120_driver.o(.text.ADS1120_ReadData_singleshot)
    DAC_INIT                                 0x08000561   Thumb Code   276  dac_driver.o(.text.DAC_INIT)
    DAC_Set_Current                          0x08000675   Thumb Code    72  dac_driver.o(.text.DAC_Set_Current)
    DAC_Set_Voltage                          0x080006bd   Thumb Code    64  dac_driver.o(.text.DAC_Set_Voltage)
    DMA1_Channel2_3_IRQHandler               0x08000701   Thumb Code    16  stm32f0xx_it.o(.text.DMA1_Channel2_3_IRQHandler)
    Error_Handler                            0x08000719   Thumb Code     8  main.o(.text.Error_Handler)
    GET_LD_CURR                              0x08000721   Thumb Code   124  ads1120_driver.o(.text.GET_LD_CURR)
    GET_LD_PD_external                       0x080007a9   Thumb Code   124  ads1120_driver.o(.text.GET_LD_PD_external)
    GET_LD_PD_internal                       0x08000829   Thumb Code   124  ads1120_driver.o(.text.GET_LD_PD_internal)
    GET_LD_TEMP                              0x080008ad   Thumb Code   124  ads1120_driver.o(.text.GET_LD_TEMP)
    HAL_DMA_Abort                            0x08000939   Thumb Code    60  stm32f0xx_hal_dma.o(.text.HAL_DMA_Abort)
    HAL_DMA_Abort_IT                         0x08000975   Thumb Code    68  stm32f0xx_hal_dma.o(.text.HAL_DMA_Abort_IT)
    HAL_DMA_GetError                         0x080009b9   Thumb Code     4  stm32f0xx_hal_dma.o(.text.HAL_DMA_GetError)
    HAL_DMA_IRQHandler                       0x080009bd   Thumb Code   212  stm32f0xx_hal_dma.o(.text.HAL_DMA_IRQHandler)
    HAL_DMA_Init                             0x08000a91   Thumb Code   108  stm32f0xx_hal_dma.o(.text.HAL_DMA_Init)
    HAL_DMA_Start_IT                         0x08000b09   Thumb Code   130  stm32f0xx_hal_dma.o(.text.HAL_DMA_Start_IT)
    HAL_Delay                                0x08000b8d   Thumb Code    32  stm32f0xx_hal.o(.text.HAL_Delay)
    HAL_GPIO_Init                            0x08000bad   Thumb Code   392  stm32f0xx_hal_gpio.o(.text.HAL_GPIO_Init)
    HAL_GPIO_ReadPin                         0x08000d45   Thumb Code    10  stm32f0xx_hal_gpio.o(.text.HAL_GPIO_ReadPin)
    HAL_GPIO_WritePin                        0x08000d4f   Thumb Code    16  stm32f0xx_hal_gpio.o(.text.HAL_GPIO_WritePin)
    HAL_GetTick                              0x08000d61   Thumb Code     8  stm32f0xx_hal.o(.text.HAL_GetTick)
    HAL_IncTick                              0x08000d69   Thumb Code    16  stm32f0xx_hal.o(.text.HAL_IncTick)
    HAL_Init                                 0x08000d7d   Thumb Code    28  stm32f0xx_hal.o(.text.HAL_Init)
    HAL_InitTick                             0x08000d99   Thumb Code    60  stm32f0xx_hal.o(.text.HAL_InitTick)
    HAL_MspInit                              0x08000ddd   Thumb Code    40  stm32f0xx_hal_msp.o(.text.HAL_MspInit)
    HAL_NVIC_EnableIRQ                       0x08000e09   Thumb Code    20  stm32f0xx_hal_cortex.o(.text.HAL_NVIC_EnableIRQ)
    HAL_NVIC_SetPriority                     0x08000e21   Thumb Code    56  stm32f0xx_hal_cortex.o(.text.HAL_NVIC_SetPriority)
    HAL_RCCEx_PeriphCLKConfig                0x08000e61   Thumb Code   240  stm32f0xx_hal_rcc_ex.o(.text.HAL_RCCEx_PeriphCLKConfig)
    HAL_RCC_ClockConfig                      0x08000f5d   Thumb Code   312  stm32f0xx_hal_rcc.o(.text.HAL_RCC_ClockConfig)
    HAL_RCC_GetPCLK1Freq                     0x080010a1   Thumb Code    20  stm32f0xx_hal_rcc.o(.text.HAL_RCC_GetPCLK1Freq)
    HAL_RCC_GetSysClockFreq                  0x080010bd   Thumb Code    52  stm32f0xx_hal_rcc.o(.text.HAL_RCC_GetSysClockFreq)
    HAL_RCC_OscConfig                        0x08001105   Thumb Code   952  stm32f0xx_hal_rcc.o(.text.HAL_RCC_OscConfig)
    HAL_SPI_Init                             0x080014c9   Thumb Code   248  stm32f0xx_hal_spi.o(.text.HAL_SPI_Init)
    HAL_SPI_MspInit                          0x080015c1   Thumb Code    96  spi.o(.text.HAL_SPI_MspInit)
    HAL_SPI_Transmit                         0x08001629   Thumb Code   384  stm32f0xx_hal_spi.o(.text.HAL_SPI_Transmit)
    HAL_SPI_TransmitReceive                  0x080017ad   Thumb Code   540  stm32f0xx_hal_spi.o(.text.HAL_SPI_TransmitReceive)
    HAL_SYSTICK_Config                       0x080019cd   Thumb Code    40  stm32f0xx_hal_cortex.o(.text.HAL_SYSTICK_Config)
    HAL_TIMEx_BreakCallback                  0x08001a01   Thumb Code     2  stm32f0xx_hal_tim_ex.o(.text.HAL_TIMEx_BreakCallback)
    HAL_TIMEx_CommutCallback                 0x08001a03   Thumb Code     2  stm32f0xx_hal_tim_ex.o(.text.HAL_TIMEx_CommutCallback)
    HAL_TIMEx_MasterConfigSynchronization    0x08001a05   Thumb Code    80  stm32f0xx_hal_tim_ex.o(.text.HAL_TIMEx_MasterConfigSynchronization)
    HAL_TIM_Base_Init                        0x08001a55   Thumb Code   196  stm32f0xx_hal_tim.o(.text.HAL_TIM_Base_Init)
    HAL_TIM_Base_MspInit                     0x08001b25   Thumb Code   112  tim.o(.text.HAL_TIM_Base_MspInit)
    HAL_TIM_Base_Start_IT                    0x08001b9d   Thumb Code    72  stm32f0xx_hal_tim.o(.text.HAL_TIM_Base_Start_IT)
    HAL_TIM_Base_Stop_IT                     0x08001bed   Thumb Code    44  stm32f0xx_hal_tim.o(.text.HAL_TIM_Base_Stop_IT)
    HAL_TIM_ConfigClockSource                0x08001c21   Thumb Code   328  stm32f0xx_hal_tim.o(.text.HAL_TIM_ConfigClockSource)
    HAL_TIM_IC_CaptureCallback               0x08001d6d   Thumb Code     2  stm32f0xx_hal_tim.o(.text.HAL_TIM_IC_CaptureCallback)
    HAL_TIM_IRQHandler                       0x08001d6f   Thumb Code   328  stm32f0xx_hal_tim.o(.text.HAL_TIM_IRQHandler)
    HAL_TIM_OC_DelayElapsedCallback          0x08001eb7   Thumb Code     2  stm32f0xx_hal_tim.o(.text.HAL_TIM_OC_DelayElapsedCallback)
    HAL_TIM_PWM_PulseFinishedCallback        0x08001eb9   Thumb Code     2  stm32f0xx_hal_tim.o(.text.HAL_TIM_PWM_PulseFinishedCallback)
    HAL_TIM_PeriodElapsedCallback            0x08001ebb   Thumb Code     2  stm32f0xx_hal_tim.o(.text.HAL_TIM_PeriodElapsedCallback)
    HAL_TIM_TriggerCallback                  0x08001ebd   Thumb Code     2  stm32f0xx_hal_tim.o(.text.HAL_TIM_TriggerCallback)
    HAL_UARTEx_RxEventCallback               0x08001ebf   Thumb Code     2  stm32f0xx_hal_uart.o(.text.HAL_UARTEx_RxEventCallback)
    HAL_UARTEx_WakeupCallback                0x08001ec1   Thumb Code     2  stm32f0xx_hal_uart_ex.o(.text.HAL_UARTEx_WakeupCallback)
    HAL_UART_DMAStop                         0x08001ec3   Thumb Code   262  stm32f0xx_hal_uart.o(.text.HAL_UART_DMAStop)
    HAL_UART_ErrorCallback                   0x08001fc9   Thumb Code     2  stm32f0xx_hal_uart.o(.text.HAL_UART_ErrorCallback)
    HAL_UART_IRQHandler                      0x08001fcd   Thumb Code   956  stm32f0xx_hal_uart.o(.text.HAL_UART_IRQHandler)
    HAL_UART_Init                            0x08002395   Thumb Code   192  stm32f0xx_hal_uart.o(.text.HAL_UART_Init)
    HAL_UART_MspInit                         0x08002459   Thumb Code   196  usart.o(.text.HAL_UART_MspInit)
    HAL_UART_Receive_DMA                     0x0800252d   Thumb Code   108  stm32f0xx_hal_uart.o(.text.HAL_UART_Receive_DMA)
    HAL_UART_RxCpltCallback                  0x08002599   Thumb Code     2  stm32f0xx_hal_uart.o(.text.HAL_UART_RxCpltCallback)
    HAL_UART_RxHalfCpltCallback              0x0800259b   Thumb Code     2  stm32f0xx_hal_uart.o(.text.HAL_UART_RxHalfCpltCallback)
    HAL_UART_Transmit_DMA                    0x0800259d   Thumb Code   172  stm32f0xx_hal_uart.o(.text.HAL_UART_Transmit_DMA)
    HAL_UART_TxCpltCallback                  0x08002655   Thumb Code     2  stm32f0xx_hal_uart.o(.text.HAL_UART_TxCpltCallback)
    HAL_UART_TxHalfCpltCallback              0x08002657   Thumb Code     2  stm32f0xx_hal_uart.o(.text.HAL_UART_TxHalfCpltCallback)
    HardFault_Handler                        0x08002659   Thumb Code     2  stm32f0xx_it.o(.text.HardFault_Handler)
    MX_DMA_Init                              0x0800265d   Thumb Code    44  dma.o(.text.MX_DMA_Init)
    MX_GPIO_Init                             0x08002689   Thumb Code   188  gpio.o(.text.MX_GPIO_Init)
    MX_SPI1_Init                             0x08002759   Thumb Code    64  spi.o(.text.MX_SPI1_Init)
    MX_TIM16_Init                            0x080027a1   Thumb Code    44  tim.o(.text.MX_TIM16_Init)
    MX_TIM2_Init                             0x080027d5   Thumb Code    96  tim.o(.text.MX_TIM2_Init)
    MX_TIM3_Init                             0x08002839   Thumb Code    96  tim.o(.text.MX_TIM3_Init)
    MX_USART1_UART_Init                      0x080028a5   Thumb Code    72  usart.o(.text.MX_USART1_UART_Init)
    NMI_Handler                              0x080028f5   Thumb Code     2  stm32f0xx_it.o(.text.NMI_Handler)
    PD_SRC_ERR_DETECT                        0x080028f9   Thumb Code   120  main.o(.text.PD_SRC_ERR_DETECT)
    PID_PD_feedback                          0x080029a9   Thumb Code   200  main.o(.text.PID_PD_feedback)
    PendSV_Handler                           0x08002a75   Thumb Code     2  stm32f0xx_it.o(.text.PendSV_Handler)
    SVC_Handler                              0x08002c15   Thumb Code     2  stm32f0xx_it.o(.text.SVC_Handler)
    SysTick_Handler                          0x08002c17   Thumb Code     8  stm32f0xx_it.o(.text.SysTick_Handler)
    SystemInit                               0x08002c1f   Thumb Code     2  system_stm32f0xx.o(.text.SystemInit)
    TIM16_IRQHandler                         0x08002c21   Thumb Code    16  stm32f0xx_it.o(.text.TIM16_IRQHandler)
    UART_AdvFeatureConfig                    0x08002c39   Thumb Code   210  stm32f0xx_hal_uart.o(.text.UART_AdvFeatureConfig)
    UART_SetConfig                           0x08002ec9   Thumb Code   272  stm32f0xx_hal_uart.o(.text.UART_SetConfig)
    UART_Start_Receive_DMA                   0x08002ff9   Thumb Code   148  stm32f0xx_hal_uart.o(.text.UART_Start_Receive_DMA)
    UART_WaitOnFlagUntilTimeout              0x08003099   Thumb Code   240  stm32f0xx_hal_uart.o(.text.UART_WaitOnFlagUntilTimeout)
    USART1_IRQHandler                        0x08003189   Thumb Code    52  stm32f0xx_it.o(.text.USART1_IRQHandler)
    main                                     0x080031cd   Thumb Code  1320  main.o(.text.main)
    __scatterload_copy                       0x080037b1   Thumb Code    14  handlers.o(i.__scatterload_copy)
    __scatterload_null                       0x080037bf   Thumb Code     2  handlers.o(i.__scatterload_null)
    __scatterload_zeroinit                   0x080037c1   Thumb Code    14  handlers.o(i.__scatterload_zeroinit)
    AHBPrescTable                            0x080037ce   Data          16  system_stm32f0xx.o(.rodata.AHBPrescTable)
    APBPrescTable                            0x080037de   Data           8  system_stm32f0xx.o(.rodata.APBPrescTable)
    Region$$Table$$Base                      0x08003808   Number         0  anon$$obj.o(Region$$Table)
    Region$$Table$$Limit                     0x08003828   Number         0  anon$$obj.o(Region$$Table)
    LD_GET_CURR_RETURN                       0x20000000   Data           5  main.o(.data.LD_GET_CURR_RETURN)
    LD_GET_PD1_RETURN                        0x20000005   Data           5  main.o(.data.LD_GET_PD1_RETURN)
    LD_GET_PD2_RETURN                        0x2000000a   Data           5  main.o(.data.LD_GET_PD2_RETURN)
    LD_GET_TEMP_RETURN                       0x2000000f   Data           5  main.o(.data.LD_GET_TEMP_RETURN)
    LD_OFF_RETURN                            0x20000014   Data           5  main.o(.data.LD_OFF_RETURN)
    LD_OPEN_RETURN                           0x20000019   Data           5  main.o(.data.LD_OPEN_RETURN)
    LD_PD_ERR_RETURN                         0x2000001e   Data           5  main.o(.data.LD_PD_ERR_RETURN)
    LD_SET_CURR_NOTON_RETURN                 0x20000023   Data           5  main.o(.data.LD_SET_CURR_NOTON_RETURN)
    LD_SET_CURR_OF_RETURN                    0x20000028   Data           5  main.o(.data.LD_SET_CURR_OF_RETURN)
    LD_SET_CURR_RETURN                       0x2000002d   Data           5  main.o(.data.LD_SET_CURR_RETURN)
    LD_SET_MAXCUR_RETURN                     0x20000032   Data           5  main.o(.data.LD_SET_MAXCUR_RETURN)
    LD_SET_OUTMODE_RETURN                    0x20000037   Data           5  main.o(.data.LD_SET_OUTMODE_RETURN)
    LD_SET_PDSRC_RETURN                      0x2000003c   Data           5  main.o(.data.LD_SET_PDSRC_RETURN)
    Ratio_pd_cur                             0x20000044   Data           4  main.o(.data.Ratio_pd_cur)
    SystemCoreClock                          0x20000048   Data           4  system_stm32f0xx.o(.data.SystemCoreClock)
    delta_threshold                          0x2000004c   Data           2  main.o(.data.delta_threshold)
    pid_set_value                            0x2000004e   Data           2  main.o(.data.pid_set_value)
    return_len                               0x20000050   Data           1  main.o(.data.return_len)
    uwTickFreq                               0x20000051   Data           1  stm32f0xx_hal.o(.data.uwTickFreq)
    uwTickPrio                               0x20000054   Data           4  stm32f0xx_hal.o(.data.uwTickPrio)
    CMD_Send                                 0x20000058   Data           1  ads1120_driver.o(.bss.CMD_Send)
    IS_ON                                    0x20000059   Data           1  main.o(.bss.IS_ON)
    PD_sel                                   0x2000005a   Data           1  main.o(.bss.PD_sel)
    curr_get                                 0x2000005c   Data           2  main.o(.bss.curr_get)
    curr_is_changed                          0x2000005e   Data           1  main.o(.bss.curr_is_changed)
    curr_set                                 0x20000060   Data           2  main.o(.bss.curr_set)
    debug_mode                               0x20000062   Data           1  main.o(.bss.debug_mode)
    delta_pd_value                           0x20000064   Data           2  main.o(.bss.delta_pd_value)
    frame_tail                               0x20000066   Data           1  main.o(.bss.frame_tail)
    hdma_usart1_rx                           0x20000068   Data          68  usart.o(.bss.hdma_usart1_rx)
    hdma_usart1_tx                           0x200000ac   Data          68  usart.o(.bss.hdma_usart1_tx)
    hspi1                                    0x200000f0   Data         100  spi.o(.bss.hspi1)
    htim16                                   0x20000154   Data          72  tim.o(.bss.htim16)
    htim2                                    0x2000019c   Data          72  tim.o(.bss.htim2)
    htim3                                    0x200001e4   Data          72  tim.o(.bss.htim3)
    huart1                                   0x2000022c   Data         132  usart.o(.bss.huart1)
    i                                        0x200002b0   Data           1  main.o(.bss.i)
    increment                                0x200002b2   Data           2  main.o(.bss.increment)
    max_cur                                  0x200002b4   Data           2  main.o(.bss.max_cur)
    mode_sel                                 0x200002b6   Data           1  main.o(.bss.mode_sel)
    output_update_en                         0x200002b7   Data           1  main.o(.bss.output_update_en)
    pd1_get                                  0x200002b8   Data           2  main.o(.bss.pd1_get)
    pd2_get                                  0x200002ba   Data           2  main.o(.bss.pd2_get)
    pd_ext_err                               0x200002bc   Data           1  main.o(.bss.pd_ext_err)
    pd_int_err                               0x200002bd   Data           1  main.o(.bss.pd_int_err)
    pd_value_last                            0x200002be   Data           2  main.o(.bss.pd_value_last)
    pd_value_pres                            0x200002c0   Data           2  main.o(.bss.pd_value_pres)
    pid                                      0x200002c4   Data          40  main.o(.bss.pid)
    pid_on                                   0x200002ec   Data           1  main.o(.bss.pid_on)
    pid_update                               0x200002ed   Data           1  main.o(.bss.pid_update)
    prev                                     0x200002ee   Data           2  ads1120_driver.o(.bss.prev)
    psend                                    0x200002f0   Data           2  ads1120_driver.o(.bss.psend)
    rev_end_flag                             0x200002f2   Data           1  main.o(.bss.rev_end_flag)
    revbuff                                  0x200002f3   Data           3  ads1120_driver.o(.bss.revbuff)
    rx_len                                   0x200002f8   Data           4  main.o(.bss.rx_len)
    temp_get                                 0x200002fc   Data           2  main.o(.bss.temp_get)
    uart_revbuff                             0x200002fe   Data         512  main.o(.bss.uart_revbuff)
    uwTick                                   0x20000500   Data           4  stm32f0xx_hal.o(.bss.uwTick)
    value_high_8bit                          0x20000504   Data           1  main.o(.bss.value_high_8bit)
    value_low_8bit                           0x20000505   Data           1  main.o(.bss.value_low_8bit)
    __initial_sp                             0x20000908   Data           0  startup_stm32f031x6.o(STACK)



==============================================================================

Memory Map of the image

  Image Entry point : 0x080000b1

  Load Region LR_IROM1 (Base: 0x08000000, Size: 0x00003880, Max: 0x00008000, ABSOLUTE)

    Execution Region ER_IROM1 (Exec base: 0x08000000, Load base: 0x08000000, Size: 0x00003828, Max: 0x00008000, ABSOLUTE)

    Exec Addr    Load Addr    Size         Type   Attr      Idx    E Section Name        Object

    0x08000000   0x08000000   0x000000b0   Data   RO            3    RESET               startup_stm32f031x6.o
    0x080000b0   0x080000b0   0x00000000   Code   RO         1433  * .ARM.Collect$$$$00000000  mc_p.l(entry.o)
    0x080000b0   0x080000b0   0x00000004   Code   RO         1462    .ARM.Collect$$$$00000001  mc_p.l(entry2.o)
    0x080000b4   0x080000b4   0x00000004   Code   RO         1465    .ARM.Collect$$$$00000004  mc_p.l(entry5.o)
    0x080000b8   0x080000b8   0x00000000   Code   RO         1467    .ARM.Collect$$$$00000008  mc_p.l(entry7b.o)
    0x080000b8   0x080000b8   0x00000000   Code   RO         1469    .ARM.Collect$$$$0000000A  mc_p.l(entry8b.o)
    0x080000b8   0x080000b8   0x00000008   Code   RO         1470    .ARM.Collect$$$$0000000B  mc_p.l(entry9a.o)
    0x080000c0   0x080000c0   0x00000000   Code   RO         1472    .ARM.Collect$$$$0000000D  mc_p.l(entry10a.o)
    0x080000c0   0x080000c0   0x00000000   Code   RO         1474    .ARM.Collect$$$$0000000F  mc_p.l(entry11a.o)
    0x080000c0   0x080000c0   0x00000004   Code   RO         1463    .ARM.Collect$$$$00002712  mc_p.l(entry2.o)
    0x080000c4   0x080000c4   0x0000001c   Code   RO            4    .text               startup_stm32f031x6.o
    0x080000e0   0x080000e0   0x00000024   Code   RO         1444    .text               mc_p.l(memseta.o)
    0x08000104   0x08000104   0x000000b2   Code   RO         1446    .text               mf_p.l(fadd.o)
    0x080001b6   0x080001b6   0x0000007a   Code   RO         1448    .text               mf_p.l(fmul.o)
    0x08000230   0x08000230   0x0000007c   Code   RO         1450    .text               mf_p.l(fdiv.o)
    0x080002ac   0x080002ac   0x0000001c   Code   RO         1452    .text               mf_p.l(fcmple.o)
    0x080002c8   0x080002c8   0x0000001c   Code   RO         1454    .text               mf_p.l(fcmpgt.o)
    0x080002e4   0x080002e4   0x00000016   Code   RO         1456    .text               mf_p.l(fflti.o)
    0x080002fa   0x080002fa   0x0000000e   Code   RO         1458    .text               mf_p.l(ffltui.o)
    0x08000308   0x08000308   0x00000032   Code   RO         1460    .text               mf_p.l(ffixi.o)
    0x0800033a   0x0800033a   0x0000003e   Code   RO         1480    .text               mc_p.l(uidiv_div0.o)
    0x08000378   0x08000378   0x00000000   Code   RO         1486    .text               mc_p.l(iusefp.o)
    0x08000378   0x08000378   0x00000082   Code   RO         1487    .text               mf_p.l(fepilogue.o)
    0x080003fa   0x080003fa   0x00000002   PAD
    0x080003fc   0x080003fc   0x00000024   Code   RO         1489    .text               mc_p.l(init.o)
    0x08000420   0x08000420   0x000000bc   Code   RO           52    .text.ADS1120_Init  ads1120_driver.o
    0x080004dc   0x080004dc   0x00000084   Code   RO           78    .text.ADS1120_ReadData_singleshot  ads1120_driver.o
    0x08000560   0x08000560   0x00000114   Code   RO           11    .text.DAC_INIT      dac_driver.o
    0x08000674   0x08000674   0x00000048   Code   RO           35    .text.DAC_Set_Current  dac_driver.o
    0x080006bc   0x080006bc   0x00000044   Code   RO           23    .text.DAC_Set_Voltage  dac_driver.o
    0x08000700   0x08000700   0x00000018   Code   RO          300    .text.DMA1_Channel2_3_IRQHandler  stm32f0xx_it.o
    0x08000718   0x08000718   0x00000008   Code   RO          112    .text.Error_Handler  main.o
    0x08000720   0x08000720   0x00000088   Code   RO           80    .text.GET_LD_CURR   ads1120_driver.o
    0x080007a8   0x080007a8   0x00000080   Code   RO           86    .text.GET_LD_PD_external  ads1120_driver.o
    0x08000828   0x08000828   0x00000084   Code   RO           84    .text.GET_LD_PD_internal  ads1120_driver.o
    0x080008ac   0x080008ac   0x0000008c   Code   RO           82    .text.GET_LD_TEMP   ads1120_driver.o
    0x08000938   0x08000938   0x0000003c   Code   RO          753    .text.HAL_DMA_Abort  stm32f0xx_hal_dma.o
    0x08000974   0x08000974   0x00000044   Code   RO          755    .text.HAL_DMA_Abort_IT  stm32f0xx_hal_dma.o
    0x080009b8   0x080009b8   0x00000004   Code   RO          767    .text.HAL_DMA_GetError  stm32f0xx_hal_dma.o
    0x080009bc   0x080009bc   0x000000d4   Code   RO          759    .text.HAL_DMA_IRQHandler  stm32f0xx_hal_dma.o
    0x08000a90   0x08000a90   0x00000078   Code   RO          745    .text.HAL_DMA_Init  stm32f0xx_hal_dma.o
    0x08000b08   0x08000b08   0x00000082   Code   RO          751    .text.HAL_DMA_Start_IT  stm32f0xx_hal_dma.o
    0x08000b8a   0x08000b8a   0x00000002   PAD
    0x08000b8c   0x08000b8c   0x00000020   Code   RO          516    .text.HAL_Delay     stm32f0xx_hal.o
    0x08000bac   0x08000bac   0x00000198   Code   RO          721    .text.HAL_GPIO_Init  stm32f0xx_hal_gpio.o
    0x08000d44   0x08000d44   0x0000000a   Code   RO          725    .text.HAL_GPIO_ReadPin  stm32f0xx_hal_gpio.o
    0x08000d4e   0x08000d4e   0x00000010   Code   RO          727    .text.HAL_GPIO_WritePin  stm32f0xx_hal_gpio.o
    0x08000d5e   0x08000d5e   0x00000002   PAD
    0x08000d60   0x08000d60   0x00000008   Code   RO          508    .text.HAL_GetTick   stm32f0xx_hal.o
    0x08000d68   0x08000d68   0x00000014   Code   RO          506    .text.HAL_IncTick   stm32f0xx_hal.o
    0x08000d7c   0x08000d7c   0x0000001c   Code   RO          496    .text.HAL_Init      stm32f0xx_hal.o
    0x08000d98   0x08000d98   0x00000044   Code   RO          498    .text.HAL_InitTick  stm32f0xx_hal.o
    0x08000ddc   0x08000ddc   0x0000002c   Code   RO          314    .text.HAL_MspInit   stm32f0xx_hal_msp.o
    0x08000e08   0x08000e08   0x00000018   Code   RO          779    .text.HAL_NVIC_EnableIRQ  stm32f0xx_hal_cortex.o
    0x08000e20   0x08000e20   0x00000040   Code   RO          777    .text.HAL_NVIC_SetPriority  stm32f0xx_hal_cortex.o
    0x08000e60   0x08000e60   0x000000fc   Code   RO          482    .text.HAL_RCCEx_PeriphCLKConfig  stm32f0xx_hal_rcc_ex.o
    0x08000f5c   0x08000f5c   0x00000144   Code   RO          451    .text.HAL_RCC_ClockConfig  stm32f0xx_hal_rcc.o
    0x080010a0   0x080010a0   0x0000001c   Code   RO          463    .text.HAL_RCC_GetPCLK1Freq  stm32f0xx_hal_rcc.o
    0x080010bc   0x080010bc   0x00000048   Code   RO          453    .text.HAL_RCC_GetSysClockFreq  stm32f0xx_hal_rcc.o
    0x08001104   0x08001104   0x000003c4   Code   RO          449    .text.HAL_RCC_OscConfig  stm32f0xx_hal_rcc.o
    0x080014c8   0x080014c8   0x000000f8   Code   RO          322    .text.HAL_SPI_Init  stm32f0xx_hal_spi.o
    0x080015c0   0x080015c0   0x00000068   Code   RO          239    .text.HAL_SPI_MspInit  spi.o
    0x08001628   0x08001628   0x00000184   Code   RO          330    .text.HAL_SPI_Transmit  stm32f0xx_hal_spi.o
    0x080017ac   0x080017ac   0x00000220   Code   RO          334    .text.HAL_SPI_TransmitReceive  stm32f0xx_hal_spi.o
    0x080019cc   0x080019cc   0x00000034   Code   RO          785    .text.HAL_SYSTICK_Config  stm32f0xx_hal_cortex.o
    0x08001a00   0x08001a00   0x00000002   Code   RO         1245    .text.HAL_TIMEx_BreakCallback  stm32f0xx_hal_tim_ex.o
    0x08001a02   0x08001a02   0x00000002   Code   RO         1241    .text.HAL_TIMEx_CommutCallback  stm32f0xx_hal_tim_ex.o
    0x08001a04   0x08001a04   0x00000050   Code   RO         1235    .text.HAL_TIMEx_MasterConfigSynchronization  stm32f0xx_hal_tim_ex.o
    0x08001a54   0x08001a54   0x000000d0   Code   RO          940    .text.HAL_TIM_Base_Init  stm32f0xx_hal_tim.o
    0x08001b24   0x08001b24   0x00000078   Code   RO          258    .text.HAL_TIM_Base_MspInit  tim.o
    0x08001b9c   0x08001b9c   0x00000050   Code   RO          954    .text.HAL_TIM_Base_Start_IT  stm32f0xx_hal_tim.o
    0x08001bec   0x08001bec   0x00000034   Code   RO          956    .text.HAL_TIM_Base_Stop_IT  stm32f0xx_hal_tim.o
    0x08001c20   0x08001c20   0x0000014c   Code   RO         1120    .text.HAL_TIM_ConfigClockSource  stm32f0xx_hal_tim.o
    0x08001d6c   0x08001d6c   0x00000002   Code   RO         1076    .text.HAL_TIM_IC_CaptureCallback  stm32f0xx_hal_tim.o
    0x08001d6e   0x08001d6e   0x00000148   Code   RO         1074    .text.HAL_TIM_IRQHandler  stm32f0xx_hal_tim.o
    0x08001eb6   0x08001eb6   0x00000002   Code   RO         1078    .text.HAL_TIM_OC_DelayElapsedCallback  stm32f0xx_hal_tim.o
    0x08001eb8   0x08001eb8   0x00000002   Code   RO         1080    .text.HAL_TIM_PWM_PulseFinishedCallback  stm32f0xx_hal_tim.o
    0x08001eba   0x08001eba   0x00000002   Code   RO         1082    .text.HAL_TIM_PeriodElapsedCallback  stm32f0xx_hal_tim.o
    0x08001ebc   0x08001ebc   0x00000002   Code   RO         1084    .text.HAL_TIM_TriggerCallback  stm32f0xx_hal_tim.o
    0x08001ebe   0x08001ebe   0x00000002   Code   RO         1345    .text.HAL_UARTEx_RxEventCallback  stm32f0xx_hal_uart.o
    0x08001ec0   0x08001ec0   0x00000002   Code   RO         1395    .text.HAL_UARTEx_WakeupCallback  stm32f0xx_hal_uart_ex.o
    0x08001ec2   0x08001ec2   0x00000106   Code   RO         1311    .text.HAL_UART_DMAStop  stm32f0xx_hal_uart.o
    0x08001fc8   0x08001fc8   0x00000002   Code   RO         1343    .text.HAL_UART_ErrorCallback  stm32f0xx_hal_uart.o
    0x08001fca   0x08001fca   0x00000002   PAD
    0x08001fcc   0x08001fcc   0x000003c8   Code   RO         1339    .text.HAL_UART_IRQHandler  stm32f0xx_hal_uart.o
    0x08002394   0x08002394   0x000000c4   Code   RO         1259    .text.HAL_UART_Init  stm32f0xx_hal_uart.o
    0x08002458   0x08002458   0x000000d4   Code   RO          275    .text.HAL_UART_MspInit  usart.o
    0x0800252c   0x0800252c   0x0000006c   Code   RO         1303    .text.HAL_UART_Receive_DMA  stm32f0xx_hal_uart.o
    0x08002598   0x08002598   0x00000002   Code   RO         1351    .text.HAL_UART_RxCpltCallback  stm32f0xx_hal_uart.o
    0x0800259a   0x0800259a   0x00000002   Code   RO         1353    .text.HAL_UART_RxHalfCpltCallback  stm32f0xx_hal_uart.o
    0x0800259c   0x0800259c   0x000000b8   Code   RO         1295    .text.HAL_UART_Transmit_DMA  stm32f0xx_hal_uart.o
    0x08002654   0x08002654   0x00000002   Code   RO         1347    .text.HAL_UART_TxCpltCallback  stm32f0xx_hal_uart.o
    0x08002656   0x08002656   0x00000002   Code   RO         1349    .text.HAL_UART_TxHalfCpltCallback  stm32f0xx_hal_uart.o
    0x08002658   0x08002658   0x00000002   Code   RO          292    .text.HardFault_Handler  stm32f0xx_it.o
    0x0800265a   0x0800265a   0x00000002   PAD
    0x0800265c   0x0800265c   0x0000002c   Code   RO          229    .text.MX_DMA_Init   dma.o
    0x08002688   0x08002688   0x000000d0   Code   RO          221    .text.MX_GPIO_Init  gpio.o
    0x08002758   0x08002758   0x00000048   Code   RO          237    .text.MX_SPI1_Init  spi.o
    0x080027a0   0x080027a0   0x00000034   Code   RO          256    .text.MX_TIM16_Init  tim.o
    0x080027d4   0x080027d4   0x00000064   Code   RO          252    .text.MX_TIM2_Init  tim.o
    0x08002838   0x08002838   0x0000006c   Code   RO          254    .text.MX_TIM3_Init  tim.o
    0x080028a4   0x080028a4   0x00000050   Code   RO          273    .text.MX_USART1_UART_Init  usart.o
    0x080028f4   0x080028f4   0x00000002   Code   RO          290    .text.NMI_Handler   stm32f0xx_it.o
    0x080028f6   0x080028f6   0x00000002   PAD
    0x080028f8   0x080028f8   0x000000b0   Code   RO          106    .text.PD_SRC_ERR_DETECT  main.o
    0x080029a8   0x080029a8   0x000000cc   Code   RO          110    .text.PID_PD_feedback  main.o
    0x08002a74   0x08002a74   0x00000002   Code   RO          296    .text.PendSV_Handler  stm32f0xx_it.o
    0x08002a76   0x08002a76   0x00000002   PAD
    0x08002a78   0x08002a78   0x000000e4   Code   RO          384    .text.SPI_WaitFifoStateUntilTimeout  stm32f0xx_hal_spi.o
    0x08002b5c   0x08002b5c   0x000000b8   Code   RO          386    .text.SPI_WaitFlagStateUntilTimeout  stm32f0xx_hal_spi.o
    0x08002c14   0x08002c14   0x00000002   Code   RO          294    .text.SVC_Handler   stm32f0xx_it.o
    0x08002c16   0x08002c16   0x00000008   Code   RO          298    .text.SysTick_Handler  stm32f0xx_it.o
    0x08002c1e   0x08002c1e   0x00000002   Code   RO         1419    .text.SystemInit    system_stm32f0xx.o
    0x08002c20   0x08002c20   0x00000018   Code   RO          302    .text.TIM16_IRQHandler  stm32f0xx_it.o
    0x08002c38   0x08002c38   0x000000d2   Code   RO         1265    .text.UART_AdvFeatureConfig  stm32f0xx_hal_uart.o
    0x08002d0a   0x08002d0a   0x00000016   Code   RO         1341    .text.UART_DMAAbortOnError  stm32f0xx_hal_uart.o
    0x08002d20   0x08002d20   0x000000b0   Code   RO         1301    .text.UART_DMAError  stm32f0xx_hal_uart.o
    0x08002dd0   0x08002dd0   0x0000008a   Code   RO         1381    .text.UART_DMAReceiveCplt  stm32f0xx_hal_uart.o
    0x08002e5a   0x08002e5a   0x0000001c   Code   RO         1383    .text.UART_DMARxHalfCplt  stm32f0xx_hal_uart.o
    0x08002e76   0x08002e76   0x00000048   Code   RO         1297    .text.UART_DMATransmitCplt  stm32f0xx_hal_uart.o
    0x08002ebe   0x08002ebe   0x0000000a   Code   RO         1299    .text.UART_DMATxHalfCplt  stm32f0xx_hal_uart.o
    0x08002ec8   0x08002ec8   0x00000130   Code   RO         1263    .text.UART_SetConfig  stm32f0xx_hal_uart.o
    0x08002ff8   0x08002ff8   0x000000a0   Code   RO         1305    .text.UART_Start_Receive_DMA  stm32f0xx_hal_uart.o
    0x08003098   0x08003098   0x000000f0   Code   RO         1281    .text.UART_WaitOnFlagUntilTimeout  stm32f0xx_hal_uart.o
    0x08003188   0x08003188   0x00000044   Code   RO          304    .text.USART1_IRQHandler  stm32f0xx_it.o
    0x080031cc   0x080031cc   0x000005e4   Code   RO          100    .text.main          main.o
    0x080037b0   0x080037b0   0x0000000e   Code   RO         1493    i.__scatterload_copy  mc_p.l(handlers.o)
    0x080037be   0x080037be   0x00000002   Code   RO         1494    i.__scatterload_null  mc_p.l(handlers.o)
    0x080037c0   0x080037c0   0x0000000e   Code   RO         1495    i.__scatterload_zeroinit  mc_p.l(handlers.o)
    0x080037ce   0x080037ce   0x00000010   Data   RO         1424    .rodata.AHBPrescTable  system_stm32f0xx.o
    0x080037de   0x080037de   0x00000008   Data   RO         1425    .rodata.APBPrescTable  system_stm32f0xx.o
    0x080037e6   0x080037e6   0x00000020   Data   RO          473    .rodata.cst16       stm32f0xx_hal_rcc.o
    0x08003806   0x08003806   0x00000002   PAD
    0x08003808   0x08003808   0x00000020   Data   RO         1492    Region$$Table       anon$$obj.o


    Execution Region RW_IRAM1 (Exec base: 0x20000000, Load base: 0x08003828, Size: 0x00000908, Max: 0x00001000, ABSOLUTE)

    Exec Addr    Load Addr    Size         Type   Attr      Idx    E Section Name        Object

    0x20000000   0x08003828   0x00000005   Data   RW          139    .data.LD_GET_CURR_RETURN  main.o
    0x20000005   0x0800382d   0x00000005   Data   RW          141    .data.LD_GET_PD1_RETURN  main.o
    0x2000000a   0x08003832   0x00000005   Data   RW          142    .data.LD_GET_PD2_RETURN  main.o
    0x2000000f   0x08003837   0x00000005   Data   RW          140    .data.LD_GET_TEMP_RETURN  main.o
    0x20000014   0x0800383c   0x00000005   Data   RW          134    .data.LD_OFF_RETURN  main.o
    0x20000019   0x08003841   0x00000005   Data   RW          133    .data.LD_OPEN_RETURN  main.o
    0x2000001e   0x08003846   0x00000005   Data   RW          146    .data.LD_PD_ERR_RETURN  main.o
    0x20000023   0x0800384b   0x00000005   Data   RW          137    .data.LD_SET_CURR_NOTON_RETURN  main.o
    0x20000028   0x08003850   0x00000005   Data   RW          136    .data.LD_SET_CURR_OF_RETURN  main.o
    0x2000002d   0x08003855   0x00000005   Data   RW          135    .data.LD_SET_CURR_RETURN  main.o
    0x20000032   0x0800385a   0x00000005   Data   RW          143    .data.LD_SET_MAXCUR_RETURN  main.o
    0x20000037   0x0800385f   0x00000005   Data   RW          144    .data.LD_SET_OUTMODE_RETURN  main.o
    0x2000003c   0x08003864   0x00000005   Data   RW          145    .data.LD_SET_PDSRC_RETURN  main.o
    0x20000041   0x08003869   0x00000003   PAD
    0x20000044   0x0800386c   0x00000004   Data   RW          161    .data.Ratio_pd_cur  main.o
    0x20000048   0x08003870   0x00000004   Data   RW         1423    .data.SystemCoreClock  system_stm32f0xx.o
    0x2000004c   0x08003874   0x00000002   Data   RW          171    .data.delta_threshold  main.o
    0x2000004e   0x08003876   0x00000002   Data   RW          163    .data.pid_set_value  main.o
    0x20000050   0x08003878   0x00000001   Data   RW          132    .data.return_len    main.o
    0x20000051   0x08003879   0x00000001   Data   RW          543    .data.uwTickFreq    stm32f0xx_hal.o
    0x20000052   0x0800387a   0x00000002   PAD
    0x20000054   0x0800387c   0x00000004   Data   RW          542    .data.uwTickPrio    stm32f0xx_hal.o
    0x20000058        -       0x00000001   Zero   RW           89    .bss.CMD_Send       ads1120_driver.o
    0x20000059        -       0x00000001   Zero   RW          148    .bss.IS_ON          main.o
    0x2000005a        -       0x00000001   Zero   RW          170    .bss.PD_sel         main.o
    0x2000005b   0x08003880   0x00000001   PAD
    0x2000005c        -       0x00000002   Zero   RW          185    .bss.curr_get       main.o
    0x2000005e        -       0x00000001   Zero   RW          172    .bss.curr_is_changed  main.o
    0x2000005f   0x08003880   0x00000001   PAD
    0x20000060        -       0x00000002   Zero   RW          193    .bss.curr_set       main.o
    0x20000062        -       0x00000001   Zero   RW          175    .bss.debug_mode     main.o
    0x20000063   0x08003880   0x00000001   PAD
    0x20000064        -       0x00000002   Zero   RW          198    .bss.delta_pd_value  main.o
    0x20000066        -       0x00000001   Zero   RW          184    .bss.frame_tail     main.o
    0x20000067   0x08003880   0x00000001   PAD
    0x20000068        -       0x00000044   Zero   RW          280    .bss.hdma_usart1_rx  usart.o
    0x200000ac        -       0x00000044   Zero   RW          281    .bss.hdma_usart1_tx  usart.o
    0x200000f0        -       0x00000064   Zero   RW          243    .bss.hspi1          spi.o
    0x20000154        -       0x00000048   Zero   RW          264    .bss.htim16         tim.o
    0x2000019c        -       0x00000048   Zero   RW          262    .bss.htim2          tim.o
    0x200001e4        -       0x00000048   Zero   RW          263    .bss.htim3          tim.o
    0x2000022c        -       0x00000084   Zero   RW          279    .bss.huart1         usart.o
    0x200002b0        -       0x00000001   Zero   RW          182    .bss.i              main.o
    0x200002b1   0x08003880   0x00000001   PAD
    0x200002b2        -       0x00000002   Zero   RW          173    .bss.increment      main.o
    0x200002b4        -       0x00000002   Zero   RW          194    .bss.max_cur        main.o
    0x200002b6        -       0x00000001   Zero   RW          164    .bss.mode_sel       main.o
    0x200002b7        -       0x00000001   Zero   RW          147    .bss.output_update_en  main.o
    0x200002b8        -       0x00000002   Zero   RW          189    .bss.pd1_get        main.o
    0x200002ba        -       0x00000002   Zero   RW          190    .bss.pd2_get        main.o
    0x200002bc        -       0x00000001   Zero   RW          191    .bss.pd_ext_err     main.o
    0x200002bd        -       0x00000001   Zero   RW          192    .bss.pd_int_err     main.o
    0x200002be        -       0x00000002   Zero   RW          197    .bss.pd_value_last  main.o
    0x200002c0        -       0x00000002   Zero   RW          195    .bss.pd_value_pres  main.o
    0x200002c2   0x08003880   0x00000002   PAD
    0x200002c4        -       0x00000028   Zero   RW          181    .bss.pid            main.o
    0x200002ec        -       0x00000001   Zero   RW          162    .bss.pid_on         main.o
    0x200002ed        -       0x00000001   Zero   RW          196    .bss.pid_update     main.o
    0x200002ee        -       0x00000002   Zero   RW           90    .bss.prev           ads1120_driver.o
    0x200002f0        -       0x00000002   Zero   RW           88    .bss.psend          ads1120_driver.o
    0x200002f2        -       0x00000001   Zero   RW          179    .bss.rev_end_flag   main.o
    0x200002f3        -       0x00000003   Zero   RW           91    .bss.revbuff        ads1120_driver.o
    0x200002f6   0x08003880   0x00000002   PAD
    0x200002f8        -       0x00000004   Zero   RW          183    .bss.rx_len         main.o
    0x200002fc        -       0x00000002   Zero   RW          188    .bss.temp_get       main.o
    0x200002fe        -       0x00000200   Zero   RW          180    .bss.uart_revbuff   main.o
    0x200004fe   0x08003880   0x00000002   PAD
    0x20000500        -       0x00000004   Zero   RW          544    .bss.uwTick         stm32f0xx_hal.o
    0x20000504        -       0x00000001   Zero   RW          187    .bss.value_high_8bit  main.o
    0x20000505        -       0x00000001   Zero   RW          186    .bss.value_low_8bit  main.o
    0x20000506   0x08003880   0x00000002   PAD
    0x20000508        -       0x00000400   Zero   RW            1    STACK               startup_stm32f031x6.o


==============================================================================

Image component sizes


      Code (inc. data)   RO Data    RW Data    ZI Data      Debug   Object Name

       856         48          0          0          8       9540   ads1120_driver.o
       416          4          0          0          0       7495   dac_driver.o
        44          0          0          0          0       1541   dma.o
       208         20          0          0          0       1745   gpio.o
      1896        336          0         74        591       9817   main.o
       176         16          0          0        100       4463   spi.o
        28          8        176          0       1024        620   startup_stm32f031x6.o
       156         12          0          5          4       5247   stm32f0xx_hal.o
       140         24          0          0          0       5426   stm32f0xx_hal_cortex.o
       594         12          0          0          0       7780   stm32f0xx_hal_dma.o
       434         16          0          0          0       4957   stm32f0xx_hal_gpio.o
        44          4          0          0          0       1022   stm32f0xx_hal_msp.o
      1388         52         32          0          0       7680   stm32f0xx_hal_rcc.o
       252         12          0          0          0       3288   stm32f0xx_hal_rcc_ex.o
      1592         12          0          0          0      24309   stm32f0xx_hal_spi.o
      1010         32          0          0          0      62233   stm32f0xx_hal_tim.o
        84          0          0          0          0      22700   stm32f0xx_hal_tim_ex.o
      3090         92          0          0          0      40098   stm32f0xx_hal_uart.o
         2          0          0          0          0       8588   stm32f0xx_hal_uart_ex.o
       132         32          0          0          0       2187   stm32f0xx_it.o
         2          0         24          4          0       1823   system_stm32f0xx.o
       380         32          0          0        216       5707   tim.o
       292         24          0          0        268       5343   usart.o

    ----------------------------------------------------------------------
     13228        788        266         88       2224     243609   Object Totals
         0          0         32          0          0          0   (incl. Generated)
        12          0          2          5         13          0   (incl. Padding)

    ----------------------------------------------------------------------

      Code (inc. data)   RO Data    RW Data    ZI Data      Debug   Library Member Name

         0          0          0          0          0          0   entry.o
         0          0          0          0          0          0   entry10a.o
         0          0          0          0          0          0   entry11a.o
         8          4          0          0          0          0   entry2.o
         4          0          0          0          0          0   entry5.o
         0          0          0          0          0          0   entry7b.o
         0          0          0          0          0          0   entry8b.o
         8          4          0          0          0          0   entry9a.o
        30          0          0          0          0          0   handlers.o
        36          8          0          0          0         68   init.o
         0          0          0          0          0          0   iusefp.o
        36          0          0          0          0        100   memseta.o
        62          0          0          0          0         72   uidiv_div0.o
       178          0          0          0          0        108   fadd.o
        28          0          0          0          0         60   fcmpgt.o
        28          0          0          0          0         60   fcmple.o
       124          0          0          0          0         72   fdiv.o
       130          0          0          0          0        144   fepilogue.o
        50          0          0          0          0         60   ffixi.o
        22          0          0          0          0         68   fflti.o
        14          0          0          0          0         68   ffltui.o
       122          0          0          0          0         72   fmul.o

    ----------------------------------------------------------------------
       882         16          0          0          0        952   Library Totals
         2          0          0          0          0          0   (incl. Padding)

    ----------------------------------------------------------------------

      Code (inc. data)   RO Data    RW Data    ZI Data      Debug   Library Name

       184         16          0          0          0        240   mc_p.l
       696          0          0          0          0        712   mf_p.l

    ----------------------------------------------------------------------
       882         16          0          0          0        952   Library Totals

    ----------------------------------------------------------------------

==============================================================================


      Code (inc. data)   RO Data    RW Data    ZI Data      Debug   

     14110        804        266         88       2224     243941   Grand Totals
     14110        804        266         88       2224     243941   ELF Image Totals
     14110        804        266         88          0          0   ROM Totals

==============================================================================

    Total RO  Size (Code + RO Data)                14376 (  14.04kB)
    Total RW  Size (RW Data + ZI Data)              2312 (   2.26kB)
    Total ROM Size (Code + RO Data + RW Data)      14464 (  14.12kB)

==============================================================================

